Component: ARM Compiler 5.05 update 2 (build 169) Tool: armlink [4d0f33]

==============================================================================

Section Cross References

    system_stm32f10x.o(i.SetSysClock) refers to system_stm32f10x.o(i.SetSysClockTo72) for SetSysClockTo72
    system_stm32f10x.o(i.SystemCoreClockUpdate) refers to system_stm32f10x.o(.data) for SystemCoreClock
    system_stm32f10x.o(i.SystemInit) refers to system_stm32f10x.o(i.SetSysClock) for SetSysClock
    stm32f10x_gpio.o(i.GPIO_AFIODeInit) refers to stm32f10x_rcc.o(i.RCC_APB2PeriphResetCmd) for RCC_APB2PeriphResetCmd
    stm32f10x_gpio.o(i.GPIO_DeInit) refers to stm32f10x_rcc.o(i.RCC_APB2PeriphResetCmd) for RCC_APB2PeriphResetCmd
    stm32f10x_rcc.o(i.RCC_GetClocksFreq) refers to stm32f10x_rcc.o(.data) for APBAHBPrescTable
    stm32f10x_rcc.o(i.RCC_WaitForHSEStartUp) refers to stm32f10x_rcc.o(i.RCC_GetFlagStatus) for RCC_GetFlagStatus
    stm32f10x_usart.o(i.USART_DeInit) refers to stm32f10x_rcc.o(i.RCC_APB2PeriphResetCmd) for RCC_APB2PeriphResetCmd
    stm32f10x_usart.o(i.USART_DeInit) refers to stm32f10x_rcc.o(i.RCC_APB1PeriphResetCmd) for RCC_APB1PeriphResetCmd
    stm32f10x_usart.o(i.USART_Init) refers to stm32f10x_rcc.o(i.RCC_GetClocksFreq) for RCC_GetClocksFreq
    stm32f10x_flash.o(i.FLASH_EnableWriteProtection) refers to stm32f10x_flash.o(i.FLASH_WaitForLastOperation) for FLASH_WaitForLastOperation
    stm32f10x_flash.o(i.FLASH_EraseAllBank1Pages) refers to stm32f10x_flash.o(i.FLASH_WaitForLastBank1Operation) for FLASH_WaitForLastBank1Operation
    stm32f10x_flash.o(i.FLASH_EraseAllPages) refers to stm32f10x_flash.o(i.FLASH_WaitForLastOperation) for FLASH_WaitForLastOperation
    stm32f10x_flash.o(i.FLASH_EraseOptionBytes) refers to stm32f10x_flash.o(i.FLASH_GetReadOutProtectionStatus) for FLASH_GetReadOutProtectionStatus
    stm32f10x_flash.o(i.FLASH_EraseOptionBytes) refers to stm32f10x_flash.o(i.FLASH_WaitForLastOperation) for FLASH_WaitForLastOperation
    stm32f10x_flash.o(i.FLASH_ErasePage) refers to stm32f10x_flash.o(i.FLASH_WaitForLastOperation) for FLASH_WaitForLastOperation
    stm32f10x_flash.o(i.FLASH_ProgramHalfWord) refers to stm32f10x_flash.o(i.FLASH_WaitForLastOperation) for FLASH_WaitForLastOperation
    stm32f10x_flash.o(i.FLASH_ProgramOptionByteData) refers to stm32f10x_flash.o(i.FLASH_WaitForLastOperation) for FLASH_WaitForLastOperation
    stm32f10x_flash.o(i.FLASH_ProgramWord) refers to stm32f10x_flash.o(i.FLASH_WaitForLastOperation) for FLASH_WaitForLastOperation
    stm32f10x_flash.o(i.FLASH_ReadOutProtection) refers to stm32f10x_flash.o(i.FLASH_WaitForLastOperation) for FLASH_WaitForLastOperation
    stm32f10x_flash.o(i.FLASH_UserOptionByteConfig) refers to stm32f10x_flash.o(i.FLASH_WaitForLastOperation) for FLASH_WaitForLastOperation
    stm32f10x_flash.o(i.FLASH_WaitForLastBank1Operation) refers to stm32f10x_flash.o(i.FLASH_GetBank1Status) for FLASH_GetBank1Status
    stm32f10x_flash.o(i.FLASH_WaitForLastOperation) refers to stm32f10x_flash.o(i.FLASH_GetBank1Status) for FLASH_GetBank1Status
    stm32f10x_tim.o(i.TIM_DeInit) refers to stm32f10x_rcc.o(i.RCC_APB2PeriphResetCmd) for RCC_APB2PeriphResetCmd
    stm32f10x_tim.o(i.TIM_DeInit) refers to stm32f10x_rcc.o(i.RCC_APB1PeriphResetCmd) for RCC_APB1PeriphResetCmd
    stm32f10x_tim.o(i.TIM_ETRClockMode1Config) refers to stm32f10x_tim.o(i.TIM_ETRConfig) for TIM_ETRConfig
    stm32f10x_tim.o(i.TIM_ETRClockMode2Config) refers to stm32f10x_tim.o(i.TIM_ETRConfig) for TIM_ETRConfig
    stm32f10x_tim.o(i.TIM_ICInit) refers to stm32f10x_tim.o(i.TI1_Config) for TI1_Config
    stm32f10x_tim.o(i.TIM_ICInit) refers to stm32f10x_tim.o(i.TIM_SetIC1Prescaler) for TIM_SetIC1Prescaler
    stm32f10x_tim.o(i.TIM_ICInit) refers to stm32f10x_tim.o(i.TI2_Config) for TI2_Config
    stm32f10x_tim.o(i.TIM_ICInit) refers to stm32f10x_tim.o(i.TIM_SetIC2Prescaler) for TIM_SetIC2Prescaler
    stm32f10x_tim.o(i.TIM_ICInit) refers to stm32f10x_tim.o(i.TI3_Config) for TI3_Config
    stm32f10x_tim.o(i.TIM_ICInit) refers to stm32f10x_tim.o(i.TIM_SetIC3Prescaler) for TIM_SetIC3Prescaler
    stm32f10x_tim.o(i.TIM_ICInit) refers to stm32f10x_tim.o(i.TI4_Config) for TI4_Config
    stm32f10x_tim.o(i.TIM_ICInit) refers to stm32f10x_tim.o(i.TIM_SetIC4Prescaler) for TIM_SetIC4Prescaler
    stm32f10x_tim.o(i.TIM_ITRxExternalClockConfig) refers to stm32f10x_tim.o(i.TIM_SelectInputTrigger) for TIM_SelectInputTrigger
    stm32f10x_tim.o(i.TIM_PWMIConfig) refers to stm32f10x_tim.o(i.TI1_Config) for TI1_Config
    stm32f10x_tim.o(i.TIM_PWMIConfig) refers to stm32f10x_tim.o(i.TIM_SetIC1Prescaler) for TIM_SetIC1Prescaler
    stm32f10x_tim.o(i.TIM_PWMIConfig) refers to stm32f10x_tim.o(i.TI2_Config) for TI2_Config
    stm32f10x_tim.o(i.TIM_PWMIConfig) refers to stm32f10x_tim.o(i.TIM_SetIC2Prescaler) for TIM_SetIC2Prescaler
    stm32f10x_tim.o(i.TIM_TIxExternalClockConfig) refers to stm32f10x_tim.o(i.TI2_Config) for TI2_Config
[...]
    i.SPEAKER_Off                            0x08002aa8   Section        0  speaker.o(i.SPEAKER_Off)
    i.SPEAKER_On                             0x08002abc   Section        0  speaker.o(i.SPEAKER_On)
    i.SPEAKER_Standby_off                    0x08002ac8   Section        0  speaker.o(i.SPEAKER_Standby_off)
    i.SPEAKER_Standby_on                     0x08002ad8   Section        0  speaker.o(i.SPEAKER_Standby_on)
    i.SVC_Handler                            0x08002ae8   Section        0  stm32f10x_it.o(i.SVC_Handler)
    i.SetSysClock                            0x08002aea   Section        0  system_stm32f10x.o(i.SetSysClock)
    SetSysClock                              0x08002aeb   Thumb Code     8  system_stm32f10x.o(i.SetSysClock)
    i.SetSysClockTo72                        0x08002af4   Section        0  system_stm32f10x.o(i.SetSysClockTo72)
    SetSysClockTo72                          0x08002af5   Thumb Code   214  system_stm32f10x.o(i.SetSysClockTo72)
    i.SysTick_Handler                        0x08002bd4   Section        0  stm32f10x_it.o(i.SysTick_Handler)
    i.SystemInit                             0x08002bdc   Section        0  system_stm32f10x.o(i.SystemInit)
    i.TIM6_IRQHandler                        0x08002c3c   Section        0  stm32f10x_it.o(i.TIM6_IRQHandler)
    i.TIMER_cmdUp                            0x08002c3e   Section        0  timer.o(i.TIMER_cmdUp)
    i.TIMER_getVal                           0x08002c62   Section        0  timer.o(i.TIMER_getVal)
    i.TIMER_init                             0x08002c68   Section        0  timer.o(i.TIMER_init)
    i.TIMER_setVal                           0x08002c74   Section        0  timer.o(i.TIMER_setVal)
    i.TIMER_start                            0x08002c78   Section        0  timer.o(i.TIMER_start)
    i.TIMER_stop                             0x08002c82   Section        0  timer.o(i.TIMER_stop)
    i.TIMOTION_DmaCallback                   0x08002c88   Section        0  timbox.o(i.TIMOTION_DmaCallback)
    i.TIMOTION_GetHeightFromLongBuffer       0x08002c9c   Section        0  timbox.o(i.TIMOTION_GetHeightFromLongBuffer)
    i.TIMOTION_rxCpy                         0x08002d14   Section        0  timbox.o(i.TIMOTION_rxCpy)
    i.TIM_BOX_DownApi                        0x08002d70   Section        0  timbox.o(i.TIM_BOX_DownApi)
    i.TIM_BOX_GetDetectStatus                0x08002d80   Section        0  timbox.o(i.TIM_BOX_GetDetectStatus)
    i.TIM_BOX_GetHeight                      0x08002d94   Section        0  timbox.o(i.TIM_BOX_GetHeight)
    i.TIM_BOX_GetState                       0x08002da0   Section        0  timbox.o(i.TIM_BOX_GetState)
    i.TIM_BOX_HsDown                         0x08002dac   Section        0  timbox.o(i.TIM_BOX_HsDown)
    i.TIM_BOX_HsReset                        0x08002dc0   Section        0  timbox.o(i.TIM_BOX_HsReset)
    i.TIM_BOX_HsStop                         0x08002ddc   Section        0  timbox.o(i.TIM_BOX_HsStop)
    i.TIM_BOX_HsUp                           0x08002df0   Section        0  timbox.o(i.TIM_BOX_HsUp)
    i.TIM_BOX_Init                           0x08002e04   Section        0  timbox.o(i.TIM_BOX_Init)
    i.TIM_BOX_MblDown                        0x08002fb4   Section        0  timbox.o(i.TIM_BOX_MblDown)
    i.TIM_BOX_MblMic                         0x08002fc4   Section        0  timbox.o(i.TIM_BOX_MblMic)
    i.TIM_BOX_MblStop                        0x08002fc8   Section        0  timbox.o(i.TIM_BOX_MblStop)
    i.TIM_BOX_MblUp                          0x08002fd8   Section        0  timbox.o(i.TIM_BOX_MblUp)
    i.TIM_BOX_MovePos1Api                    0x08002fe8   Section        0  timbox.o(i.TIM_BOX_MovePos1Api)
    i.TIM_BOX_MovePos2Api                    0x08002ff8   Section        0  timbox.o(i.TIM_BOX_MovePos2Api)
    i.TIM_BOX_MovePos3Api                    0x08003008   Section        0  timbox.o(i.TIM_BOX_MovePos3Api)
    i.TIM_BOX_MovePos4Api                    0x08003018   Section        0  timbox.o(i.TIM_BOX_MovePos4Api)
    i.TIM_BOX_MoveToPos1                     0x08003028   Section        0  timbox.o(i.TIM_BOX_MoveToPos1)
    i.TIM_BOX_MoveToPos2                     0x08003030   Section        0  timbox.o(i.TIM_BOX_MoveToPos2)
    i.TIM_BOX_MoveToPos3                     0x08003038   Section        0  timbox.o(i.TIM_BOX_MoveToPos3)
    i.TIM_BOX_MoveToPos4                     0x08003040   Section        0  timbox.o(i.TIM_BOX_MoveToPos4)
    i.TIM_BOX_PutBytes                       0x08003048   Section        0  timbox.o(i.TIM_BOX_PutBytes)
    i.TIM_BOX_ReadSitPosHeight               0x08003060   Section        0  timbox.o(i.TIM_BOX_ReadSitPosHeight)
    i.TIM_BOX_ReadStandPosHeight             0x0800306c   Section        0  timbox.o(i.TIM_BOX_ReadStandPosHeight)
    i.TIM_BOX_ResetAllStateTime              0x08003078   Section        0  timbox.o(i.TIM_BOX_ResetAllStateTime)
    i.TIM_BOX_ResetApi                       0x080030b8   Section        0  timbox.o(i.TIM_BOX_ResetApi)
    i.TIM_BOX_Run                            0x080030c8   Section        0  timbox.o(i.TIM_BOX_Run)
    i.TIM_BOX_SaveApi                        0x080033f4   Section        0  timbox.o(i.TIM_BOX_SaveApi)
    i.TIM_BOX_SaveSitPos                     0x08003404   Section        0  timbox.o(i.TIM_BOX_SaveSitPos)
    i.TIM_BOX_SaveStandPos                   0x08003414   Section        0  timbox.o(i.TIM_BOX_SaveStandPos)
    i.TIM_BOX_SetHeight                      0x08003424   Section        0  timbox.o(i.TIM_BOX_SetHeight)
    i.TIM_BOX_SetMode                        0x08003448   Section        0  timbox.o(i.TIM_BOX_SetMode)
    i.TIM_BOX_SetState                       0x08003454   Section        0  timbox.o(i.TIM_BOX_SetState)
    i.TIM_BOX_StopApi                        0x08003470   Section        0  timbox.o(i.TIM_BOX_StopApi)
    i.TIM_BOX_TimeoutFcn                     0x08003480   Section        0  timbox.o(i.TIM_BOX_TimeoutFcn)
    i.TIM_BOX_UpApi                          0x0800348c   Section        0  timbox.o(i.TIM_BOX_UpApi)
    i.TIM_BOX_Update                         0x0800349c   Section        0  timbox.o(i.TIM_BOX_Update)
    i.TIM_BOX_UpdateCurrentHeight            0x0800356c   Section        0  timbox.o(i.TIM_BOX_UpdateCurrentHeight)
    i.TIM_BOX_heighCheckFcn                  0x08003584   Section        0  timbox.o(i.TIM_BOX_heighCheckFcn)
    i.TIM_Cmd                                0x080035d4   Section        0  stm32f10x_tim.o(i.TIM_Cmd)
    i.TIM_DeInit                             0x080035ec   Section        0  stm32f10x_tim.o(i.TIM_DeInit)
    i.TIM_HANDSET_DisplayHeight              0x080037d4   Section        0  timhandset.o(i.TIM_HANDSET_DisplayHeight)
    i.TIM_HANDSET_DmaCallback                0x080037f4   Section        0  timhandset.o(i.TIM_HANDSET_DmaCallback)
    i.TIM_HANDSET_GetCommandFromDataPackage  0x08003808   Section        0  timhandset.o(i.TIM_HANDSET_GetCommandFromDataPackage)
    i.TIM_HANDSET_Init                       0x08003850   Section        0  timhandset.o(i.TIM_HANDSET_Init)
    i.TIM_HANDSET_Run                        0x08003884   Section        0  timhandset.o(i.TIM_HANDSET_Run)
    i.TIM_HANDSET_Update                     0x08003888   Section        0  timhandset.o(i.TIM_HANDSET_Update)
    i.TIM_HANDSET_putBytes                   0x080039a8   Section        0  timhandset.o(i.TIM_HANDSET_putBytes)
    i.TIM_HANDSET_rxCpy                      0x080039c0   Section        0  timhandset.o(i.TIM_HANDSET_rxCpy)
    i.TIM_TimeBaseInit                       0x08003a1c   Section        0  stm32f10x_tim.o(i.TIM_TimeBaseInit)
    i.UART3_putByte                          0x08003ac0   Section        0  myuart.o(i.UART3_putByte)
    i.UART5_IRQHandler                       0x08003ae0   Section        0  stm32f10x_it.o(i.UART5_IRQHandler)
    i.UART5_defaultInit                      0x08003af8   Section        0  myuart.o(i.UART5_defaultInit)
    i.UART5_enableRxInt                      0x08003b18   Section        0  myuart.o(i.UART5_enableRxInt)
    i.UART5_getString                        0x08003b2c   Section        0  myuart.o(i.UART5_getString)
    i.UART5_init                             0x08003b3c   Section        0  myuart.o(i.UART5_init)
    i.UART5_putByte                          0x08003b50   Section        0  myuart.o(i.UART5_putByte)
    i.UART5_setPriority                      0x08003b70   Section        0  myuart.o(i.UART5_setPriority)
    i.UART5_start                            0x08003b9c   Section        0  myuart.o(i.UART5_start)
    i.UARTx_ClearRxBuffer                    0x08003bac   Section        0  myuart.o(i.UARTx_ClearRxBuffer)
    i.UARTx_Init                             0x08003bcc   Section        0  myuart.o(i.UARTx_Init)
    i.UARTx_PutBytesDMA                      0x08003e20   Section        0  myuart.o(i.UARTx_PutBytesDMA)
    i.UARTx_RxDmaInit                        0x08003ed8   Section        0  myuart.o(i.UARTx_RxDmaInit)
    i.UARTx_SetRxDmaIntPriority              0x08003f90   Section        0  myuart.o(i.UARTx_SetRxDmaIntPriority)
    i.UARTx_Start                            0x08004058   Section        0  myuart.o(i.UARTx_Start)
    i.UARTx_getString                        0x080040b8   Section        0  myuart.o(i.UARTx_getString)
    i.USART_Cmd                              0x08004140   Section        0  stm32f10x_usart.o(i.USART_Cmd)
    i.USART_DMACmd                           0x08004158   Section        0  stm32f10x_usart.o(i.USART_DMACmd)
    i.USART_DeInit                           0x0800416c   Section        0  stm32f10x_usart.o(i.USART_DeInit)
    i.USART_GetFlagStatus                    0x08004208   Section        0  stm32f10x_usart.o(i.USART_GetFlagStatus)
    i.USART_GetITStatus                      0x08004222   Section        0  stm32f10x_usart.o(i.USART_GetITStatus)
    i.USART_ITConfig                         0x08004276   Section        0  stm32f10x_usart.o(i.USART_ITConfig)
    i.USART_Init                             0x080042c0   Section        0  stm32f10x_usart.o(i.USART_Init)
    i.USART_ReceiveData                      0x08004398   Section        0  stm32f10x_usart.o(i.USART_ReceiveData)
    i.USART_SendData                         0x080043a2   Section        0  stm32f10x_usart.o(i.USART_SendData)
    i.UsageFault_Handler                     0x080043aa   Section        0  stm32f10x_it.o(i.UsageFault_Handler)
    i.__0printf$1                            0x080043b0   Section        0  printf1.o(i.__0printf$1)
    i.__scatterload_copy                     0x080043d0   Section       14  handlers.o(i.__scatterload_copy)
    i.__scatterload_null                     0x080043de   Section        2  handlers.o(i.__scatterload_null)
    i.__scatterload_zeroinit                 0x080043e0   Section       14  handlers.o(i.__scatterload_zeroinit)
    i._printf_core                           0x080043f0   Section        0  printf1.o(i._printf_core)
    _printf_core                             0x080043f1   Thumb Code   336  printf1.o(i._printf_core)
    i.fputc                                  0x08004544   Section        0  myuart.o(i.fputc)
    i.main                                   0x08004554   Section        0  main_1.o(i.main)
    .constdata                               0x08004564   Section       19  buttonleds.o(.constdata)
    ParamAddress                             0x08004564   Data          15  buttonleds.o(.constdata)
    Instructions                             0x08004573   Data           4  buttonleds.o(.constdata)
    .constdata                               0x08004577   Section       38  rpi.o(.constdata)
    ProductId                                0x08004577   Data           5  rpi.o(.constdata)
    Instructions                             0x0800457c   Data           4  rpi.o(.constdata)
    ComponentId                              0x08004580   Data           5  rpi.o(.constdata)
    ControlTableAddress                      0x08004585   Data          24  rpi.o(.constdata)
    .constdata                               0x080045a0   Section       90  jiecangbox.o(.constdata)
    JiecangHeader                            0x080045a0   Data           3  jiecangbox.o(.constdata)
    JiecangBoxCmd                            0x080045a4   Data          32  jiecangbox.o(.constdata)
    .constdata                               0x080045fc   Section       85  timbox.o(.constdata)
    TimBoxCmd                                0x080045fc   Data          36  timbox.o(.constdata)
    .data                                    0x20000000   Section       20  system_stm32f10x.o(.data)
    .data                                    0x20000014   Section       20  stm32f10x_rcc.o(.data)
    APBAHBPrescTable                         0x20000014   Data          16  stm32f10x_rcc.o(.data)
    ADCPrescTable                            0x20000024   Data           4  stm32f10x_rcc.o(.data)
    .data                                    0x20000028   Section       37  buttonleds.o(.data)
    TimHandset                               0x20000028   Data          20  buttonleds.o(.data)
    .data                                    0x20000050   Section       35  timhandset.o(.data)
    TimHandset                               0x20000050   Data          20  timhandset.o(.data)
    .data                                    0x20000074   Section       27  rpi.o(.data)
    TimHandset                               0x20000074   Data          20  rpi.o(.data)
    .data                                    0x20000090   Section       36  jiecangbox.o(.data)
    TimHandset                               0x20000090   Data          20  jiecangbox.o(.data)
    .data                                    0x200000b4   Section      113  timbox.o(.data)
    TimHandset                               0x200000b4   Data          20  timbox.o(.data)
    .data                                    0x20000126   Section        2  eeprom.o(.data)
    .data                                    0x20000128   Section        4  stdout.o(.data)
    .bss                                     0x2000012c   Section       28  timhandset.o(.bss)
    .bss                                     0x20000148   Section       78  debug.o(.bss)
    .bss                                     0x20000198   Section       40  rpi.o(.bss)
    .bss                                     0x200001c0   Section      193  jiecangbox.o(.bss)
    .bss                                     0x20000284   Section      112  timbox.o(.bss)
    STACK                                    0x200002f8   Section     1024  startup_stm32f10x_hd.o(STACK)

    Global Symbols

    Symbol Name                              Value     Ov Type        Size  Object(Section)

    BuildAttributes$$THM_ISAv4$P$D$K$B$S$PE$A:L22UL41UL21$X:L11$S22US41US21$IEEE1$IW$USESV6$~STKCKD$USESV7$~SHL$OSPACE$ROPI$EBA8$MICROLIB$REQ8$PRES8$EABIv2 0x00000000   Number         0  anon$$obj.o ABSOLUTE
    __ARM_use_no_argv                        0x00000000   Number         0  main_1.o ABSOLUTE
    _printf_a                                0x00000000   Number         0  stubs.o ABSOLUTE
    _printf_c                                0x00000000   Number         0  stubs.o ABSOLUTE
    _printf_charcount                        0x00000000   Number         0  stubs.o ABSOLUTE
    _printf_d                                0x00000000   Number         0  stubs.o ABSOLUTE
    _printf_e                                0x00000000   Number         0  stubs.o ABSOLUTE
    _printf_f                                0x00000000   Number         0  stubs.o ABSOLUTE
    _printf_flags                            0x00000000   Number         0  stubs.o ABSOLUTE
    _printf_fp_dec                           0x00000000   Number         0  stubs.o ABSOLUTE
    _printf_fp_hex                           0x00000000   Number         0  stubs.o ABSOLUTE
    _printf_g                                0x00000000   Number         0  stubs.o ABSOLUTE
    _printf_i                                0x00000000   Number         0  stubs.o ABSOLUTE
    _printf_int_dec                          0x00000000   Number         0  stubs.o ABSOLUTE
    _printf_l                                0x00000000   Number         0  stubs.o ABSOLUTE
    _printf_lc                               0x00000000   Number         0  stubs.o ABSOLUTE
    _printf_ll                               0x00000000   Number         0  stubs.o ABSOLUTE
    _printf_lld                              0x00000000   Number         0  stubs.o ABSOLUTE
    _printf_lli                              0x00000000   Number         0  stubs.o ABSOLUTE
    _printf_llo                              0x00000000   Number         0  stubs.o ABSOLUTE
    _printf_llu                              0x00000000   Number         0  stubs.o ABSOLUTE
    _printf_llx                              0x00000000   Number         0  stubs.o ABSOLUTE
    _printf_longlong_dec                     0x00000000   Number         0  stubs.o ABSOLUTE
    _printf_longlong_hex                     0x00000000   Number         0  stubs.o ABSOLUTE
    _printf_longlong_oct                     0x00000000   Number         0  stubs.o ABSOLUTE
    _printf_ls                               0x00000000   Number         0  stubs.o ABSOLUTE
    _printf_mbtowc                           0x00000000   Number         0  stubs.o ABSOLUTE
    _printf_n                                0x00000000   Number         0  stubs.o ABSOLUTE
    _printf_o                                0x00000000   Number         0  stubs.o ABSOLUTE
    _printf_p                                0x00000000   Number         0  stubs.o ABSOLUTE
    _printf_percent                          0x00000000   Number         0  stubs.o ABSOLUTE
    _printf_pre_padding                      0x00000000   Number         0  stubs.o ABSOLUTE
    _printf_return_value                     0x00000000   Number         0  stubs.o ABSOLUTE
    _printf_s                                0x00000000   Number         0  stubs.o ABSOLUTE
    _printf_sizespec                         0x00000000   Number         0  stubs.o ABSOLUTE
    _printf_str                              0x00000000   Number         0  stubs.o ABSOLUTE
    _printf_truncate_signed                  0x00000000   Number         0  stubs.o ABSOLUTE
    _printf_truncate_unsigned                0x00000000   Number         0  stubs.o ABSOLUTE
    _printf_u                                0x00000000   Number         0  stubs.o ABSOLUTE
    _printf_wc                               0x00000000   Number         0  stubs.o ABSOLUTE
    _printf_wctomb                           0x00000000   Number         0  stubs.o ABSOLUTE
    _printf_widthprec                        0x00000000   Number         0  stubs.o ABSOLUTE
    _printf_x                                0x00000000   Number         0  stubs.o ABSOLUTE
    __cpp_initialize__aeabi_                  - Undefined Weak Reference
    __cxa_finalize                            - Undefined Weak Reference
    _clock_init                               - Undefined Weak Reference
    _microlib_exit                            - Undefined Weak Reference
    __Vectors_Size                           0x00000130   Number         0  startup_stm32f10x_hd.o ABSOLUTE
    __Vectors                                0x08000000   Data           4  startup_stm32f10x_hd.o(RESET)
    __Vectors_End                            0x08000130   Data           0  startup_stm32f10x_hd.o(RESET)
    __main                                   0x08000131   Thumb Code     0  entry.o(.ARM.Collect$$$$00000000)
    _main_stk                                0x08000131   Thumb Code     0  entry2.o(.ARM.Collect$$$$00000001)
    _main_scatterload                        0x08000135   Thumb Code     0  entry5.o(.ARM.Collect$$$$00000004)
    __main_after_scatterload                 0x08000139   Thumb Code     0  entry5.o(.ARM.Collect$$$$00000004)
    _main_clock                              0x08000139   Thumb Code     0  entry7b.o(.ARM.Collect$$$$00000008)
    _main_cpp_init                           0x08000139   Thumb Code     0  entry8b.o(.ARM.Collect$$$$0000000A)
    _main_init                               0x08000139   Thumb Code     0  entry9a.o(.ARM.Collect$$$$0000000B)
    __rt_final_cpp                           0x08000141   Thumb Code     0  entry10a.o(.ARM.Collect$$$$0000000D)
    __rt_final_exit                          0x08000141   Thumb Code     0  entry11a.o(.ARM.Collect$$$$0000000F)
    Reset_Handler                            0x08000145   Thumb Code     8  startup_stm32f10x_hd.o(.text)
    ADC1_2_IRQHandler                        0x0800015f   Thumb Code     0  startup_stm32f10x_hd.o(.text)
    ADC3_IRQHandler                          0x0800015f   Thumb Code     0  startup_stm32f10x_hd.o(.text)
    CAN1_RX1_IRQHandler                      0x0800015f   Thumb Code     0  startup_stm32f10x_hd.o(.text)
    CAN1_SCE_IRQHandler                      0x0800015f   Thumb Code     0  startup_stm32f10x_hd.o(.text)
    DMA1_Channel1_IRQHandler                 0x0800015f   Thumb Code     0  startup_stm32f10x_hd.o(.text)
    DMA1_Channel4_IRQHandler                 0x0800015f   Thumb Code     0  startup_stm32f10x_hd.o(.text)
    DMA1_Channel7_IRQHandler                 0x0800015f   Thumb Code     0  startup_stm32f10x_hd.o(.text)
    DMA2_Channel1_IRQHandler                 0x0800015f   Thumb Code     0  startup_stm32f10x_hd.o(.text)
    DMA2_Channel2_IRQHandler                 0x0800015f   Thumb Code     0  startup_stm32f10x_hd.o(.text)
    DMA2_Channel4_5_IRQHandler               0x0800015f   Thumb Code     0  startup_stm32f10x_hd.o(.text)
    EXTI15_10_IRQHandler                     0x0800015f   Thumb Code     0  startup_stm32f10x_hd.o(.text)
    EXTI1_IRQHandler                         0x0800015f   Thumb Code     0  startup_stm32f10x_hd.o(.text)
    EXTI2_IRQHandler                         0x0800015f   Thumb Code     0  startup_stm32f10x_hd.o(.text)
    EXTI3_IRQHandler                         0x0800015f   Thumb Code     0  startup_stm32f10x_hd.o(.text)
    EXTI4_IRQHandler                         0x0800015f   Thumb Code     0  startup_stm32f10x_hd.o(.text)
    EXTI9_5_IRQHandler                       0x0800015f   Thumb Code     0  startup_stm32f10x_hd.o(.text)
    FLASH_IRQHandler                         0x0800015f   Thumb Code     0  startup_stm32f10x_hd.o(.text)
    FSMC_IRQHandler                          0x0800015f   Thumb Code     0  startup_stm32f10x_hd.o(.text)
    I2C1_ER_IRQHandler                       0x0800015f   Thumb Code     0  startup_stm32f10x_hd.o(.text)
    I2C1_EV_IRQHandler                       0x0800015f   Thumb Code     0  startup_stm32f10x_hd.o(.text)
    I2C2_ER_IRQHandler                       0x0800015f   Thumb Code     0  startup_stm32f10x_hd.o(.text)
    I2C2_EV_IRQHandler                       0x0800015f   Thumb Code     0  startup_stm32f10x_hd.o(.text)
    PVD_IRQHandler                           0x0800015f   Thumb Code     0  startup_stm32f10x_hd.o(.text)
    RTCAlarm_IRQHandler                      0x0800015f   Thumb Code     0  startup_stm32f10x_hd.o(.text)
    RTC_IRQHandler                           0x0800015f   Thumb Code     0  startup_stm32f10x_hd.o(.text)
    SDIO_IRQHandler                          0x0800015f   Thumb Code     0  startup_stm32f10x_hd.o(.text)
    SPI1_IRQHandler                          0x0800015f   Thumb Code     0  startup_stm32f10x_hd.o(.text)
    SPI2_IRQHandler                          0x0800015f   Thumb Code     0  startup_stm32f10x_hd.o(.text)
    SPI3_IRQHandler                          0x0800015f   Thumb Code     0  startup_stm32f10x_hd.o(.text)
    TAMPER_IRQHandler                        0x0800015f   Thumb Code     0  startup_stm32f10x_hd.o(.text)
    TIM1_BRK_IRQHandler                      0x0800015f   Thumb Code     0  startup_stm32f10x_hd.o(.text)
    TIM1_CC_IRQHandler                       0x0800015f   Thumb Code     0  startup_stm32f10x_hd.o(.text)
    TIM1_TRG_COM_IRQHandler                  0x0800015f   Thumb Code     0  startup_stm32f10x_hd.o(.text)
    TIM1_UP_IRQHandler                       0x0800015f   Thumb Code     0  startup_stm32f10x_hd.o(.text)
    TIM2_IRQHandler                          0x0800015f   Thumb Code     0  startup_stm32f10x_hd.o(.text)
    TIM3_IRQHandler                          0x0800015f   Thumb Code     0  startup_stm32f10x_hd.o(.text)
    TIM4_IRQHandler                          0x0800015f   Thumb Code     0  startup_stm32f10x_hd.o(.text)
    TIM5_IRQHandler                          0x0800015f   Thumb Code     0  startup_stm32f10x_hd.o(.text)
    TIM7_IRQHandler                          0x0800015f   Thumb Code     0  startup_stm32f10x_hd.o(.text)
    TIM8_BRK_IRQHandler                      0x0800015f   Thumb Code     0  startup_stm32f10x_hd.o(.text)
    TIM8_CC_IRQHandler                       0x0800015f   Thumb Code     0  startup_stm32f10x_hd.o(.text)
    TIM8_TRG_COM_IRQHandler                  0x0800015f   Thumb Code     0  startup_stm32f10x_hd.o(.text)
    TIM8_UP_IRQHandler                       0x0800015f   Thumb Code     0  startup_stm32f10x_hd.o(.text)
    UART4_IRQHandler                         0x0800015f   Thumb Code     0  startup_stm32f10x_hd.o(.text)
    USART1_IRQHandler                        0x0800015f   Thumb Code     0  startup_stm32f10x_hd.o(.text)
    USART2_IRQHandler                        0x0800015f   Thumb Code     0  startup_stm32f10x_hd.o(.text)
    USART3_IRQHandler                        0x0800015f   Thumb Code     0  startup_stm32f10x_hd.o(.text)
    USBWakeUp_IRQHandler                     0x0800015f   Thumb Code     0  startup_stm32f10x_hd.o(.text)
    USB_HP_CAN1_TX_IRQHandler                0x0800015f   Thumb Code     0  startup_stm32f10x_hd.o(.text)
    USB_LP_CAN1_RX0_IRQHandler               0x0800015f   Thumb Code     0  startup_stm32f10x_hd.o(.text)
    WWDG_IRQHandler                          0x0800015f   Thumb Code     0  startup_stm32f10x_hd.o(.text)
    __aeabi_memcpy                           0x08000169   Thumb Code    36  memcpya.o(.text)
    __aeabi_memcpy4                          0x08000169   Thumb Code     0  memcpya.o(.text)
    __aeabi_memcpy8                          0x08000169   Thumb Code     0  memcpya.o(.text)
    __aeabi_memset                           0x0800018d   Thumb Code    14  memseta.o(.text)
    __aeabi_memset4                          0x0800018d   Thumb Code     0  memseta.o(.text)
    __aeabi_memset8                          0x0800018d   Thumb Code     0  memseta.o(.text)
    __aeabi_memclr                           0x0800019b   Thumb Code     4  memseta.o(.text)
    __aeabi_memclr4                          0x0800019b   Thumb Code     0  memseta.o(.text)
    __aeabi_memclr8                          0x0800019b   Thumb Code     0  memseta.o(.text)
    _memset$wrapper                          0x0800019f   Thumb Code    18  memseta.o(.text)
    strncmp                                  0x080001b1   Thumb Code    30  strncmp.o(.text)
    __aeabi_uidiv                            0x080001cf   Thumb Code     0  uidiv.o(.text)
    __aeabi_uidivmod                         0x080001cf   Thumb Code    44  uidiv.o(.text)
    __scatterload                            0x080001fd   Thumb Code    28  init.o(.text)
    __scatterload_rt2                        0x080001fd   Thumb Code     0  init.o(.text)
    __decompress                             0x08000221   Thumb Code     0  __dczerorl2.o(.text)
    __decompress1                            0x08000221   Thumb Code    86  __dczerorl2.o(.text)
    ADDON_BOARD_Init                         0x08000279   Thumb Code   188  addonboard.o(i.ADDON_BOARD_Init)
    ADDON_BOARD_Update                       0x08000345   Thumb Code    24  addonboard.o(i.ADDON_BOARD_Update)
    AddonFrame_Array2struct                  0x0800035d   Thumb Code    20  dataframe.o(i.AddonFrame_Array2struct)
    AddonFrame_struct2Array                  0x08000371   Thumb Code    20  dataframe.o(i.AddonFrame_struct2Array)
    BOX_CONTROLLER_Init                      0x08000385   Thumb Code    12  boxcontroller.o(i.BOX_CONTROLLER_Init)
    BOX_CONTROLLER_Run                       0x08000391   Thumb Code    26  boxcontroller.o(i.BOX_CONTROLLER_Run)
    BOX_CONTROLLER_SetHeight                 0x080003ab   Thumb Code    32  boxcontroller.o(i.BOX_CONTROLLER_SetHeight)
    BOX_CONTROLLER_SetMode                   0x080003cb   Thumb Code    32  boxcontroller.o(i.BOX_CONTROLLER_SetMode)
    BOX_CONTROLLER_SetState                  0x080003eb   Thumb Code   260  boxcontroller.o(i.BOX_CONTROLLER_SetState)
    BOX_CONTROLLER_Update                    0x080004ef   Thumb Code    26  boxcontroller.o(i.BOX_CONTROLLER_Update)
    BUTTON_LEDS_Init                         0x08000509   Thumb Code    64  buttonleds.o(i.BUTTON_LEDS_Init)
    BUTTON_LEDS_SaveSitLed                   0x08000559   Thumb Code    30  buttonleds.o(i.BUTTON_LEDS_SaveSitLed)
    BUTTON_LEDS_SaveStandLed                 0x08000585   Thumb Code    30  buttonleds.o(i.BUTTON_LEDS_SaveStandLed)
    BUTTON_LED_DownHsLed                     0x080005b1   Thumb Code    30  buttonleds.o(i.BUTTON_LED_DownHsLed)
    BUTTON_LED_DownMblLed                    0x080005dd   Thumb Code    30  buttonleds.o(i.BUTTON_LED_DownMblLed)
    BUTTON_LED_MicMblLed                     0x08000609   Thumb Code    30  buttonleds.o(i.BUTTON_LED_MicMblLed)
    BUTTON_LED_SitMblLed                     0x08000635   Thumb Code    30  buttonleds.o(i.BUTTON_LED_SitMblLed)
    BUTTON_LED_StandMblLed                   0x08000661   Thumb Code    30  buttonleds.o(i.BUTTON_LED_StandMblLed)
    BUTTON_LED_StopHsLed                     0x0800068d   Thumb Code    30  buttonleds.o(i.BUTTON_LED_StopHsLed)
    BUTTON_LED_StopMblLed                    0x080006b9   Thumb Code    30  buttonleds.o(i.BUTTON_LED_StopMblLed)
    BUTTON_LED_UpHsLed                       0x080006e5   Thumb Code    30  buttonleds.o(i.BUTTON_LED_UpHsLed)
    BUTTON_LED_UpMblLed                      0x08000711   Thumb Code    30  buttonleds.o(i.BUTTON_LED_UpMblLed)
    BUTTON_LED_Update                        0x0800073d   Thumb Code   280  buttonleds.o(i.BUTTON_LED_Update)
    BUTTON_LED_putBytes                      0x08000865   Thumb Code    18  buttonleds.o(i.BUTTON_LED_putBytes)
    BusFault_Handler                         0x0800087d   Thumb Code     4  stm32f10x_it.o(i.BusFault_Handler)
    DEBUG_GetString                          0x08000881   Thumb Code    20  debug.o(i.DEBUG_GetString)
    DEBUG_Init                               0x0800089d   Thumb Code    38  debug.o(i.DEBUG_Init)
    DEBUG_LfFcn                              0x080008d5   Thumb Code    14  debug.o(i.DEBUG_LfFcn)
    DEBUG_UartFullFcn                        0x080008e9   Thumb Code    16  debug.o(i.DEBUG_UartFullFcn)
    DEBUG_Update                             0x08000911   Thumb Code   822  debug.o(i.DEBUG_Update)
    DMA1_Channel2_IRQHandler                 0x08000f45   Thumb Code    16  stm32f10x_it.o(i.DMA1_Channel2_IRQHandler)
    DMA1_Channel3_IRQHandler                 0x08000f55   Thumb Code    44  stm32f10x_it.o(i.DMA1_Channel3_IRQHandler)
    DMA1_Channel5_IRQHandler                 0x08000f81   Thumb Code    26  stm32f10x_it.o(i.DMA1_Channel5_IRQHandler)
    DMA1_Channel6_IRQHandler                 0x08000f9b   Thumb Code    26  stm32f10x_it.o(i.DMA1_Channel6_IRQHandler)
    DMA2_Channel3_IRQHandler                 0x08000fb5   Thumb Code    22  stm32f10x_it.o(i.DMA2_Channel3_IRQHandler)
    DMA_ClearITPendingBit                    0x08000fd5   Thumb Code    18  stm32f10x_dma.o(i.DMA_ClearITPendingBit)
    DMA_Cmd                                  0x08000ff1   Thumb Code    24  stm32f10x_dma.o(i.DMA_Cmd)
    DMA_DeInit                               0x08001009   Thumb Code   324  stm32f10x_dma.o(i.DMA_DeInit)
    DMA_GetITStatus                          0x08001155   Thumb Code    36  stm32f10x_dma.o(i.DMA_GetITStatus)
    DMA_ITConfig                             0x08001181   Thumb Code    18  stm32f10x_dma.o(i.DMA_ITConfig)
    DMA_Init                                 0x08001193   Thumb Code    60  stm32f10x_dma.o(i.DMA_Init)
    DataFrame_ArrayToStruct                  0x080011cf   Thumb Code    56  dataframe.o(i.DataFrame_ArrayToStruct)
    DataFrame_GetLength                      0x08001207   Thumb Code    10  dataframe.o(i.DataFrame_GetLength)
    DataFrame_GetParams                      0x08001211   Thumb Code    14  dataframe.o(i.DataFrame_GetParams)
    DataFrame_JIE_array2struct               0x0800121f   Thumb Code    20  dataframe.o(i.DataFrame_JIE_array2struct)
    DataFrame_JIE_isValid                    0x08001233   Thumb Code    42  dataframe.o(i.DataFrame_JIE_isValid)
    DataFrame_StructToArray                  0x0800125d   Thumb Code    90  dataframe.o(i.DataFrame_StructToArray)
    DataFrame_TIM_array2struct               0x080012b7   Thumb Code    10  dataframe.o(i.DataFrame_TIM_array2struct)
    DataFrame_UpdateChecksum                 0x080012c1   Thumb Code    58  dataframe.o(i.DataFrame_UpdateChecksum)
    DataFrame_isValidpackage                 0x080012fb   Thumb Code    78  dataframe.o(i.DataFrame_isValidpackage)
    DebugMon_Handler                         0x08001349   Thumb Code     2  stm32f10x_it.o(i.DebugMon_Handler)
    EE_Init                                  0x080013f1   Thumb Code   488  eeprom.o(i.EE_Init)
    EE_ReadVariable                          0x080016d9   Thumb Code    92  eeprom.o(i.EE_ReadVariable)
    EE_WriteVariable                         0x080017a5   Thumb Code    36  eeprom.o(i.EE_WriteVariable)
    EXTI0_IRQHandler                         0x080017c9   Thumb Code     2  stm32f10x_it.o(i.EXTI0_IRQHandler)
    FLASH_ErasePage                          0x080017cd   Thumb Code    72  stm32f10x_flash.o(i.FLASH_ErasePage)
    FLASH_GetBank1Status                     0x08001819   Thumb Code    48  stm32f10x_flash.o(i.FLASH_GetBank1Status)
    FLASH_ProgramHalfWord                    0x0800184d   Thumb Code    60  stm32f10x_flash.o(i.FLASH_ProgramHalfWord)
    FLASH_Unlock                             0x0800188d   Thumb Code    12  stm32f10x_flash.o(i.FLASH_Unlock)
    FLASH_WaitForLastOperation               0x080018a5   Thumb Code    38  stm32f10x_flash.o(i.FLASH_WaitForLastOperation)
    GPIO_Init                                0x080018cb   Thumb Code   278  stm32f10x_gpio.o(i.GPIO_Init)
    GPIO_ReadInputDataBit                    0x080019e1   Thumb Code    18  stm32f10x_gpio.o(i.GPIO_ReadInputDataBit)
    GPIO_ResetBits                           0x080019f3   Thumb Code     4  stm32f10x_gpio.o(i.GPIO_ResetBits)
    GPIO_SetBits                             0x080019f7   Thumb Code     4  stm32f10x_gpio.o(i.GPIO_SetBits)
    HardFault_Handler                        0x080019fb   Thumb Code     4  stm32f10x_it.o(i.HardFault_Handler)
    IWDG_Enable                              0x08001a01   Thumb Code    10  stm32f10x_iwdg.o(i.IWDG_Enable)
    IWDG_ReloadCounter                       0x08001a11   Thumb Code    10  stm32f10x_iwdg.o(i.IWDG_ReloadCounter)
    IWDG_WriteAccessCmd                      0x08001a21   Thumb Code     6  stm32f10x_iwdg.o(i.IWDG_WriteAccessCmd)
    JIECANG_BOX_GetConnectStatus             0x08001a2d   Thumb Code    12  jiecangbox.o(i.JIECANG_BOX_GetConnectStatus)
    JIECANG_BOX_GetHeight                    0x08001a3d   Thumb Code     6  jiecangbox.o(i.JIECANG_BOX_GetHeight)
    JIECANG_BOX_GetState                     0x08001a49   Thumb Code     6  jiecangbox.o(i.JIECANG_BOX_GetState)
    JIECANG_BOX_GetStatus                    0x08001a55   Thumb Code    12  jiecangbox.o(i.JIECANG_BOX_GetStatus)
    JIECANG_BOX_Init                         0x08001a65   Thumb Code   196  jiecangbox.o(i.JIECANG_BOX_Init)
    JIECANG_BOX_MoveDown                     0x08001b89   Thumb Code    12  jiecangbox.o(i.JIECANG_BOX_MoveDown)
    JIECANG_BOX_MoveToPos1                   0x08001b99   Thumb Code    12  jiecangbox.o(i.JIECANG_BOX_MoveToPos1)
    JIECANG_BOX_MoveToPos2                   0x08001ba9   Thumb Code    12  jiecangbox.o(i.JIECANG_BOX_MoveToPos2)
    JIECANG_BOX_MoveUp                       0x08001bb9   Thumb Code    12  jiecangbox.o(i.JIECANG_BOX_MoveUp)
    JIECANG_BOX_PutBytes                     0x08001bc9   Thumb Code    18  jiecangbox.o(i.JIECANG_BOX_PutBytes)
    JIECANG_BOX_Run                          0x08001be1   Thumb Code   686  jiecangbox.o(i.JIECANG_BOX_Run)
    JIECANG_BOX_SaveCurrentHeightToPos1      0x08001ebd   Thumb Code    12  jiecangbox.o(i.JIECANG_BOX_SaveCurrentHeightToPos1)
    JIECANG_BOX_SaveCurrentHeightToPos2      0x08001ecd   Thumb Code    12  jiecangbox.o(i.JIECANG_BOX_SaveCurrentHeightToPos2)
    JIECANG_BOX_SetHeight                    0x08001edd   Thumb Code    16  jiecangbox.o(i.JIECANG_BOX_SetHeight)
    JIECANG_BOX_SetMode                      0x08001ef1   Thumb Code     6  jiecangbox.o(i.JIECANG_BOX_SetMode)
    JIECANG_BOX_SetState                     0x08001efd   Thumb Code     6  jiecangbox.o(i.JIECANG_BOX_SetState)
    JIECANG_BOX_StopMove                     0x08001f09   Thumb Code    12  jiecangbox.o(i.JIECANG_BOX_StopMove)
    JIECANG_BOX_Update                       0x08001f19   Thumb Code   278  jiecangbox.o(i.JIECANG_BOX_Update)
    JIECANG_DmaCallback                      0x0800208d   Thumb Code    14  jiecangbox.o(i.JIECANG_DmaCallback)
    JIECANG_DownModeTimeoutFcn               0x080020a1   Thumb Code     2  jiecangbox.o(i.JIECANG_DownModeTimeoutFcn)
    JIECANG_GetHeightFromStruct              0x080020a3   Thumb Code    14  jiecangbox.o(i.JIECANG_GetHeightFromStruct)
    JIECANG_ResetAllTimer                    0x080020b1   Thumb Code    68  jiecangbox.o(i.JIECANG_ResetAllTimer)
    JIECANG_StopAllTimer                     0x08002115   Thumb Code    52  jiecangbox.o(i.JIECANG_StopAllTimer)
    JIECANG_UpModeTimeoutFcn                 0x08002169   Thumb Code     2  jiecangbox.o(i.JIECANG_UpModeTimeoutFcn)
    JIECANG_UpdateCurrentHeight              0x0800216d   Thumb Code     6  jiecangbox.o(i.JIECANG_UpdateCurrentHeight)
    JIECANG_heightTimerFcn                   0x08002179   Thumb Code    54  jiecangbox.o(i.JIECANG_heightTimerFcn)
    JIECANG_rxCpy                            0x080021cd   Thumb Code    72  jiecangbox.o(i.JIECANG_rxCpy)
    MBL_DmaCallback                          0x08002229   Thumb Code    20  buttonleds.o(i.MBL_DmaCallback)
    MY_FLASH_Init                            0x08002249   Thumb Code    12  myflash.o(i.MY_FLASH_Init)
    MY_FLASH_Read                            0x08002255   Thumb Code    18  myflash.o(i.MY_FLASH_Read)
    MY_FLASH_Write                           0x08002267   Thumb Code    16  myflash.o(i.MY_FLASH_Write)
    MemManage_Handler                        0x08002277   Thumb Code     4  stm32f10x_it.o(i.MemManage_Handler)
    NMI_Handler                              0x0800227b   Thumb Code    42  stm32f10x_it.o(i.NMI_Handler)
    NVIC_Init                                0x080022a5   Thumb Code   100  misc.o(i.NVIC_Init)
    NVIC_PriorityGroupConfig                 0x08002315   Thumb Code    10  misc.o(i.NVIC_PriorityGroupConfig)
    PendSV_Handler                           0x08002329   Thumb Code     2  stm32f10x_it.o(i.PendSV_Handler)
    RCC_AHBPeriphClockCmd                    0x0800232d   Thumb Code    26  stm32f10x_rcc.o(i.RCC_AHBPeriphClockCmd)
    RCC_APB1PeriphClockCmd                   0x0800234d   Thumb Code    26  stm32f10x_rcc.o(i.RCC_APB1PeriphClockCmd)
    RCC_APB1PeriphResetCmd                   0x0800236d   Thumb Code    26  stm32f10x_rcc.o(i.RCC_APB1PeriphResetCmd)
    RCC_APB2PeriphClockCmd                   0x0800238d   Thumb Code    26  stm32f10x_rcc.o(i.RCC_APB2PeriphClockCmd)
    RCC_APB2PeriphResetCmd                   0x080023ad   Thumb Code    26  stm32f10x_rcc.o(i.RCC_APB2PeriphResetCmd)
    RCC_ClearITPendingBit                    0x080023cd   Thumb Code     6  stm32f10x_rcc.o(i.RCC_ClearITPendingBit)
    RCC_GetClocksFreq                        0x080023d9   Thumb Code   192  stm32f10x_rcc.o(i.RCC_GetClocksFreq)
    RCC_GetFlagStatus                        0x080024ad   Thumb Code    56  stm32f10x_rcc.o(i.RCC_GetFlagStatus)
    RCC_GetITStatus                          0x080024e9   Thumb Code    20  stm32f10x_rcc.o(i.RCC_GetITStatus)
    RCC_HSEConfig                            0x08002501   Thumb Code    70  stm32f10x_rcc.o(i.RCC_HSEConfig)
    RCC_IRQHandler                           0x0800254d   Thumb Code    60  stm32f10x_it.o(i.RCC_IRQHandler)
    RCC_ITConfig                             0x08002589   Thumb Code    26  stm32f10x_rcc.o(i.RCC_ITConfig)
    RCC_PCLK1Config                          0x080025a9   Thumb Code    18  stm32f10x_rcc.o(i.RCC_PCLK1Config)
    RCC_PLLCmd                               0x080025c1   Thumb Code     6  stm32f10x_rcc.o(i.RCC_PLLCmd)
    RCC_SYSCLKConfig                         0x080025cd   Thumb Code    18  stm32f10x_rcc.o(i.RCC_SYSCLKConfig)
    RPI_ConnectStatus                        0x080025e5   Thumb Code    12  rpi.o(i.RPI_ConnectStatus)
    RPI_DmaCallback                          0x080025f5   Thumb Code     8  rpi.o(i.RPI_DmaCallback)
    RPI_GetInfoFromPackage                   0x08002601   Thumb Code   624  rpi.o(i.RPI_GetInfoFromPackage)
    RPI_Init                                 0x08002915   Thumb Code   140  rpi.o(i.RPI_Init)
    RPI_PutBytes                             0x080029c9   Thumb Code    18  rpi.o(i.RPI_PutBytes)
    RPI_Update                               0x080029e1   Thumb Code    34  rpi.o(i.RPI_Update)
    RPI_UpdateCurrentHeight                  0x08002a11   Thumb Code    56  rpi.o(i.RPI_UpdateCurrentHeight)
    SPEAKER_Init                             0x08002a5d   Thumb Code    38  speaker.o(i.SPEAKER_Init)
    SPEAKER_Mute_off                         0x08002a89   Thumb Code    12  speaker.o(i.SPEAKER_Mute_off)
    SPEAKER_Mute_on                          0x08002a99   Thumb Code    12  speaker.o(i.SPEAKER_Mute_on)
    SPEAKER_Off                              0x08002aa9   Thumb Code    20  speaker.o(i.SPEAKER_Off)
    SPEAKER_On                               0x08002abd   Thumb Code    12  speaker.o(i.SPEAKER_On)
    SPEAKER_Standby_off                      0x08002ac9   Thumb Code    12  speaker.o(i.SPEAKER_Standby_off)
    SPEAKER_Standby_on                       0x08002ad9   Thumb Code    12  speaker.o(i.SPEAKER_Standby_on)
    SVC_Handler                              0x08002ae9   Thumb Code     2  stm32f10x_it.o(i.SVC_Handler)
    SysTick_Handler                          0x08002bd5   Thumb Code     8  stm32f10x_it.o(i.SysTick_Handler)
    SystemInit                               0x08002bdd   Thumb Code    78  system_stm32f10x.o(i.SystemInit)
    TIM6_IRQHandler                          0x08002c3d   Thumb Code     2  stm32f10x_it.o(i.TIM6_IRQHandler)
    TIMER_cmdUp                              0x08002c3f   Thumb Code    36  timer.o(i.TIMER_cmdUp)
    TIMER_getVal                             0x08002c63   Thumb Code     6  timer.o(i.TIMER_getVal)
    TIMER_init                               0x08002c69   Thumb Code    12  timer.o(i.TIMER_init)
    TIMER_setVal                             0x08002c75   Thumb Code     4  timer.o(i.TIMER_setVal)
    TIMER_start                              0x08002c79   Thumb Code    10  timer.o(i.TIMER_start)
    TIMER_stop                               0x08002c83   Thumb Code     6  timer.o(i.TIMER_stop)
    TIMOTION_DmaCallback                     0x08002c89   Thumb Code    14  timbox.o(i.TIMOTION_DmaCallback)
    TIMOTION_GetHeightFromLongBuffer         0x08002c9d   Thumb Code   106  timbox.o(i.TIMOTION_GetHeightFromLongBuffer)
    TIMOTION_rxCpy                           0x08002d15   Thumb Code    72  timbox.o(i.TIMOTION_rxCpy)
    TIM_BOX_DownApi                          0x08002d71   Thumb Code    12  timbox.o(i.TIM_BOX_DownApi)
    TIM_BOX_GetDetectStatus                  0x08002d81   Thumb Code    14  timbox.o(i.TIM_BOX_GetDetectStatus)
    TIM_BOX_GetHeight                        0x08002d95   Thumb Code     6  timbox.o(i.TIM_BOX_GetHeight)
    TIM_BOX_GetState                         0x08002da1   Thumb Code     6  timbox.o(i.TIM_BOX_GetState)
    TIM_BOX_HsDown                           0x08002dad   Thumb Code    14  timbox.o(i.TIM_BOX_HsDown)
    TIM_BOX_HsReset                          0x08002dc1   Thumb Code    20  timbox.o(i.TIM_BOX_HsReset)
    TIM_BOX_HsStop                           0x08002ddd   Thumb Code    14  timbox.o(i.TIM_BOX_HsStop)
    TIM_BOX_HsUp                             0x08002df1   Thumb Code    14  timbox.o(i.TIM_BOX_HsUp)
    TIM_BOX_Init                             0x08002e05   Thumb Code   306  timbox.o(i.TIM_BOX_Init)
    TIM_BOX_MblDown                          0x08002fb5   Thumb Code    10  timbox.o(i.TIM_BOX_MblDown)
    TIM_BOX_MblMic                           0x08002fc5   Thumb Code     2  timbox.o(i.TIM_BOX_MblMic)
    TIM_BOX_MblStop                          0x08002fc9   Thumb Code    10  timbox.o(i.TIM_BOX_MblStop)
    TIM_BOX_MblUp                            0x08002fd9   Thumb Code    10  timbox.o(i.TIM_BOX_MblUp)
    TIM_BOX_MovePos1Api                      0x08002fe9   Thumb Code    12  timbox.o(i.TIM_BOX_MovePos1Api)
    TIM_BOX_MovePos2Api                      0x08002ff9   Thumb Code    12  timbox.o(i.TIM_BOX_MovePos2Api)
    TIM_BOX_MovePos3Api                      0x08003009   Thumb Code    12  timbox.o(i.TIM_BOX_MovePos3Api)
    TIM_BOX_MovePos4Api                      0x08003019   Thumb Code    12  timbox.o(i.TIM_BOX_MovePos4Api)
    TIM_BOX_MoveToPos1                       0x08003029   Thumb Code     8  timbox.o(i.TIM_BOX_MoveToPos1)
    TIM_BOX_MoveToPos2                       0x08003031   Thumb Code     8  timbox.o(i.TIM_BOX_MoveToPos2)
    TIM_BOX_MoveToPos3                       0x08003039   Thumb Code     8  timbox.o(i.TIM_BOX_MoveToPos3)
    TIM_BOX_MoveToPos4                       0x08003041   Thumb Code     8  timbox.o(i.TIM_BOX_MoveToPos4)
    TIM_BOX_PutBytes                         0x08003049   Thumb Code    18  timbox.o(i.TIM_BOX_PutBytes)
    TIM_BOX_ReadSitPosHeight                 0x08003061   Thumb Code    12  timbox.o(i.TIM_BOX_ReadSitPosHeight)
    TIM_BOX_ReadStandPosHeight               0x0800306d   Thumb Code    12  timbox.o(i.TIM_BOX_ReadStandPosHeight)
    TIM_BOX_ResetAllStateTime                0x08003079   Thumb Code    44  timbox.o(i.TIM_BOX_ResetAllStateTime)
    TIM_BOX_ResetApi                         0x080030b9   Thumb Code    12  timbox.o(i.TIM_BOX_ResetApi)
    TIM_BOX_Run                              0x080030c9   Thumb Code   702  timbox.o(i.TIM_BOX_Run)
    TIM_BOX_SaveApi                          0x080033f5   Thumb Code    12  timbox.o(i.TIM_BOX_SaveApi)
    TIM_BOX_SaveSitPos                       0x08003405   Thumb Code    16  timbox.o(i.TIM_BOX_SaveSitPos)
    TIM_BOX_SaveStandPos                     0x08003415   Thumb Code    16  timbox.o(i.TIM_BOX_SaveStandPos)
    TIM_BOX_SetHeight                        0x08003425   Thumb Code    30  timbox.o(i.TIM_BOX_SetHeight)
    TIM_BOX_SetMode                          0x08003449   Thumb Code     6  timbox.o(i.TIM_BOX_SetMode)
    TIM_BOX_SetState                         0x08003455   Thumb Code    22  timbox.o(i.TIM_BOX_SetState)
    TIM_BOX_StopApi                          0x08003471   Thumb Code    12  timbox.o(i.TIM_BOX_StopApi)
    TIM_BOX_TimeoutFcn                       0x08003481   Thumb Code    10  timbox.o(i.TIM_BOX_TimeoutFcn)
    TIM_BOX_UpApi                            0x0800348d   Thumb Code    12  timbox.o(i.TIM_BOX_UpApi)
    TIM_BOX_Update                           0x0800349d   Thumb Code   178  timbox.o(i.TIM_BOX_Update)
    TIM_BOX_UpdateCurrentHeight              0x0800356d   Thumb Code    20  timbox.o(i.TIM_BOX_UpdateCurrentHeight)
    TIM_BOX_heighCheckFcn                    0x08003585   Thumb Code    50  timbox.o(i.TIM_BOX_heighCheckFcn)
    TIM_Cmd                                  0x080035d5   Thumb Code    24  stm32f10x_tim.o(i.TIM_Cmd)
    TIM_DeInit                               0x080035ed   Thumb Code   424  stm32f10x_tim.o(i.TIM_DeInit)
    TIM_HANDSET_DisplayHeight                0x080037d5   Thumb Code    26  timhandset.o(i.TIM_HANDSET_DisplayHeight)
    TIM_HANDSET_DmaCallback                  0x080037f5   Thumb Code    14  timhandset.o(i.TIM_HANDSET_DmaCallback)
    TIM_HANDSET_GetCommandFromDataPackage    0x08003809   Thumb Code    64  timhandset.o(i.TIM_HANDSET_GetCommandFromDataPackage)
    TIM_HANDSET_Init                         0x08003851   Thumb Code    44  timhandset.o(i.TIM_HANDSET_Init)
    TIM_HANDSET_Run                          0x08003885   Thumb Code     2  timhandset.o(i.TIM_HANDSET_Run)
    TIM_HANDSET_Update                       0x08003889   Thumb Code   282  timhandset.o(i.TIM_HANDSET_Update)
    TIM_HANDSET_putBytes                     0x080039a9   Thumb Code    18  timhandset.o(i.TIM_HANDSET_putBytes)
    TIM_HANDSET_rxCpy                        0x080039c1   Thumb Code    72  timhandset.o(i.TIM_HANDSET_rxCpy)
    TIM_TimeBaseInit                         0x08003a1d   Thumb Code   122  stm32f10x_tim.o(i.TIM_TimeBaseInit)
    UART3_putByte                            0x08003ac1   Thumb Code    28  myuart.o(i.UART3_putByte)
    UART5_IRQHandler                         0x08003ae1   Thumb Code    20  stm32f10x_it.o(i.UART5_IRQHandler)
    UART5_defaultInit                        0x08003af9   Thumb Code    32  myuart.o(i.UART5_defaultInit)
    UART5_enableRxInt                        0x08003b19   Thumb Code    16  myuart.o(i.UART5_enableRxInt)
    UART5_getString                          0x08003b2d   Thumb Code    16  myuart.o(i.UART5_getString)
    UART5_init                               0x08003b3d   Thumb Code    14  myuart.o(i.UART5_init)
    UART5_putByte                            0x08003b51   Thumb Code    28  myuart.o(i.UART5_putByte)
    UART5_setPriority                        0x08003b71   Thumb Code    42  myuart.o(i.UART5_setPriority)
    UART5_start                              0x08003b9d   Thumb Code    12  myuart.o(i.UART5_start)
    UARTx_ClearRxBuffer                      0x08003bad   Thumb Code    32  myuart.o(i.UARTx_ClearRxBuffer)
    UARTx_Init                               0x08003bcd   Thumb Code   558  myuart.o(i.UARTx_Init)
    UARTx_PutBytesDMA                        0x08003e21   Thumb Code   158  myuart.o(i.UARTx_PutBytesDMA)
    UARTx_RxDmaInit                          0x08003ed9   Thumb Code   158  myuart.o(i.UARTx_RxDmaInit)
    UARTx_SetRxDmaIntPriority                0x08003f91   Thumb Code   176  myuart.o(i.UARTx_SetRxDmaIntPriority)
    UARTx_Start                              0x08004059   Thumb Code    74  myuart.o(i.UARTx_Start)
    UARTx_getString                          0x080040b9   Thumb Code   136  myuart.o(i.UARTx_getString)
    USART_Cmd                                0x08004141   Thumb Code    24  stm32f10x_usart.o(i.USART_Cmd)
    USART_DMACmd                             0x08004159   Thumb Code    18  stm32f10x_usart.o(i.USART_DMACmd)
    USART_DeInit                             0x0800416d   Thumb Code   134  stm32f10x_usart.o(i.USART_DeInit)
    USART_GetFlagStatus                      0x08004209   Thumb Code    26  stm32f10x_usart.o(i.USART_GetFlagStatus)
    USART_GetITStatus                        0x08004223   Thumb Code    84  stm32f10x_usart.o(i.USART_GetITStatus)
    USART_ITConfig                           0x08004277   Thumb Code    74  stm32f10x_usart.o(i.USART_ITConfig)
    USART_Init                               0x080042c1   Thumb Code   210  stm32f10x_usart.o(i.USART_Init)
    USART_ReceiveData                        0x08004399   Thumb Code    10  stm32f10x_usart.o(i.USART_ReceiveData)
    USART_SendData                           0x080043a3   Thumb Code     8  stm32f10x_usart.o(i.USART_SendData)
    UsageFault_Handler                       0x080043ab   Thumb Code     4  stm32f10x_it.o(i.UsageFault_Handler)
    __0printf$1                              0x080043b1   Thumb Code    22  printf1.o(i.__0printf$1)
    __1printf$1                              0x080043b1   Thumb Code     0  printf1.o(i.__0printf$1)
    __2printf                                0x080043b1   Thumb Code     0  printf1.o(i.__0printf$1)
    __scatterload_copy                       0x080043d1   Thumb Code    14  handlers.o(i.__scatterload_copy)
    __scatterload_null                       0x080043df   Thumb Code     2  handlers.o(i.__scatterload_null)
    __scatterload_zeroinit                   0x080043e1   Thumb Code    14  handlers.o(i.__scatterload_zeroinit)
    fputc                                    0x08004545   Thumb Code    16  myuart.o(i.fputc)
    main                                     0x08004555   Thumb Code    16  main_1.o(i.main)
    jiecang_upCmd                            0x080045c4   Data           6  jiecangbox.o(.constdata)
    jiecang_downCmd                          0x080045ca   Data           6  jiecangbox.o(.constdata)
    jiecang_stopCmd                          0x080045d0   Data           6  jiecangbox.o(.constdata)
    jiecang_getStatusCmd                     0x080045d6   Data           6  jiecangbox.o(.constdata)
    jiecang_getMinMaxCmd                     0x080045dc   Data           6  jiecangbox.o(.constdata)
    jiecang_savePos1Cmd                      0x080045e2   Data           6  jiecangbox.o(.constdata)
    jiecang_savePos2Cmd                      0x080045e8   Data           6  jiecangbox.o(.constdata)
    jiecang_movePos1Cmd                      0x080045ee   Data           6  jiecangbox.o(.constdata)
    jiecang_movePos2Cmd                      0x080045f4   Data           6  jiecangbox.o(.constdata)
    sitPosAddr                               0x08004620   Data           2  timbox.o(.constdata)
    standPosAddr                             0x08004622   Data           2  timbox.o(.constdata)
    upCmd                                    0x08004624   Data           5  timbox.o(.constdata)
    downCmd                                  0x08004629   Data           5  timbox.o(.constdata)
    stopCmd                                  0x0800462e   Data           5  timbox.o(.constdata)
    pos1Cmd                                  0x08004633   Data           5  timbox.o(.constdata)
    pos2Cmd                                  0x08004638   Data           5  timbox.o(.constdata)
    pos3Cmd                                  0x0800463d   Data           5  timbox.o(.constdata)
    pos4Cmd                                  0x08004642   Data           5  timbox.o(.constdata)
    saveCmd                                  0x08004647   Data           5  timbox.o(.constdata)
    resetCmd                                 0x0800464c   Data           5  timbox.o(.constdata)
    Region$$Table$$Base                      0x08004654   Number         0  anon$$obj.o(Region$$Table)
    Region$$Table$$Limit                     0x08004674   Number         0  anon$$obj.o(Region$$Table)
    SystemCoreClock                          0x20000000   Data           4  system_stm32f10x.o(.data)
    AHBPrescTable                            0x20000004   Data          16  system_stm32f10x.o(.data)
    mblDmaBuf                                0x2000003c   Data           4  buttonleds.o(.data)
    mblTxBuf                                 0x20000040   Data           4  buttonleds.o(.data)
    rxStruct                                 0x20000044   Data           4  buttonleds.o(.data)
    txStruct                                 0x20000048   Data           4  buttonleds.o(.data)
    mblRxFlag                                0x2000004c   Data           1  buttonleds.o(.data)
    handsetRxBuf                             0x20000064   Data           5  timhandset.o(.data)
    timHansdsetBufIndex                      0x20000069   Data           1  timhandset.o(.data)
    handsetDmaBufLength                      0x2000006a   Data           1  timhandset.o(.data)
    handsetRxBufLength                       0x2000006b   Data           1  timhandset.o(.data)
    hsTxBuf                                  0x2000006c   Data           6  timhandset.o(.data)
    HANDSET_DMA_FLAG                         0x20000072   Data           1  timhandset.o(.data)
    rpiDmaBufLength                          0x20000088   Data           1  rpi.o(.data)
    rpiRxFlag                                0x20000089   Data           1  rpi.o(.data)
    rpiStatus                                0x2000008a   Data           1  rpi.o(.data)
    parasms                                  0x2000008b   Data           2  rpi.o(.data)
    rpiBufIndex                              0x2000008d   Data           1  rpi.o(.data)
    RPI_DMA_FLAG                             0x2000008e   Data           1  rpi.o(.data)
    jieDmaLength                             0x200000a4   Data           1  jiecangbox.o(.data)
    jieRxLength                              0x200000a5   Data           1  jiecangbox.o(.data)
    jiecangState                             0x200000a6   Data           1  jiecangbox.o(.data)
    jiecangMode                              0x200000a7   Data           1  jiecangbox.o(.data)
    J_posError                               0x200000a8   Data           2  jiecangbox.o(.data)
    J_currentHeight                          0x200000aa   Data           2  jiecangbox.o(.data)
    J_setpointHeight                         0x200000ac   Data           2  jiecangbox.o(.data)
    jieLastHeight                            0x200000ae   Data           2  jiecangbox.o(.data)
    jieBufInd                                0x200000b0   Data           1  jiecangbox.o(.data)
    J_setHeightStatus                        0x200000b1   Data           1  jiecangbox.o(.data)
    JIE_DMA_FLAG                             0x200000b2   Data           1  jiecangbox.o(.data)
    sit_stand_flag                           0x200000b3   Data           1  jiecangbox.o(.data)
    timotionDmaBuf                           0x200000c8   Data           6  timbox.o(.data)
    resbuf                                   0x200000ce   Data           6  timbox.o(.data)
    dmaBufLength                             0x200000d4   Data           1  timbox.o(.data)
    timRxBufLength                           0x200000d5   Data           1  timbox.o(.data)
    VirtAddVarTab                            0x200000d6   Data           8  timbox.o(.data)
    sitPosVal                                0x200000de   Data           2  timbox.o(.data)
    standPosVal                              0x200000e0   Data           2  timbox.o(.data)
    rxTxDma                                  0x200000e2   Data           1  timbox.o(.data)
    bufIndex                                 0x200000e3   Data           1  timbox.o(.data)
    check                                    0x200000e4   Data           1  timbox.o(.data)
    detectPinStatus                          0x200000e5   Data           1  timbox.o(.data)
    timTxBuf                                 0x200000e6   Data           5  timbox.o(.data)
    posError                                 0x200000ec   Data           2  timbox.o(.data)
    delayTimeCount                           0x200000ee   Data           2  timbox.o(.data)
    timotionMode                             0x200000f0   Data           1  timbox.o(.data)
    currentHeight                            0x200000f2   Data           2  timbox.o(.data)
    setpointHeight                           0x200000f4   Data           2  timbox.o(.data)
    timotionState                            0x200000f6   Data           1  timbox.o(.data)
    setHeightStatus                          0x200000f7   Data           1  timbox.o(.data)
    DMA_FLAG                                 0x200000f8   Data           1  timbox.o(.data)
    timRxStruct                              0x200000f9   Data           6  timbox.o(.data)
    timeStateUpMBL                           0x20000100   Data           6  timbox.o(.data)
    timeStateDownMBL                         0x20000106   Data           6  timbox.o(.data)
    timeStateStopMBL                         0x2000010c   Data           6  timbox.o(.data)
    timeStateUpHS                            0x20000112   Data           6  timbox.o(.data)
    timeStateDownHS                          0x20000118   Data           6  timbox.o(.data)
    timeStateStopHS                          0x2000011e   Data           6  timbox.o(.data)
    heightCheck                              0x20000124   Data           1  timbox.o(.data)
    DataVar                                  0x20000126   Data           2  eeprom.o(.data)
    __stdout                                 0x20000128   Data           4  stdout.o(.data)
    handsetLongRxBuf                         0x2000012c   Data          28  timhandset.o(.bss)
    DEBUG_RX_Handles                         0x20000148   Data          48  debug.o(.bss)
    rxBuf                                    0x20000178   Data          30  debug.o(.bss)
    rpiDmaBuf                                0x20000198   Data          12  rpi.o(.bss)
    rpiTxBuf                                 0x200001a4   Data          12  rpi.o(.bss)
    dataFrame                                0x200001b0   Data          16  rpi.o(.bss)
    jieDmaBuf                                0x200001c0   Data           9  jiecangbox.o(.bss)
    jiecangRxBuf                             0x200001c9   Data          30  jiecangbox.o(.bss)
    jieHeightTimer                           0x200001e8   Data          16  jiecangbox.o(.bss)
    jieUpTimer                               0x200001f8   Data          16  jiecangbox.o(.bss)
    jieDownTimer                             0x20000208   Data          16  jiecangbox.o(.bss)
    jieSitTimer                              0x20000218   Data          16  jiecangbox.o(.bss)
    jieStandTimer                            0x20000228   Data          16  jiecangbox.o(.bss)
    jieStopTimer                             0x20000238   Data          16  jiecangbox.o(.bss)
    jieStatusTimer                           0x20000248   Data          16  jiecangbox.o(.bss)
    jieSaveSitTimer                          0x20000258   Data          16  jiecangbox.o(.bss)
    jieSaveStandTimer                        0x20000268   Data          16  jiecangbox.o(.bss)
    jiecangRxStruct                          0x20000278   Data           9  jiecangbox.o(.bss)
    longTimRxBuf                             0x20000284   Data          30  timbox.o(.bss)
    hsUpTimer                                0x200002a4   Data          16  timbox.o(.bss)
    hsDownTimer                              0x200002b4   Data          16  timbox.o(.bss)
    mblUpTimer                               0x200002c4   Data          16  timbox.o(.bss)
    mblDownTimer                             0x200002d4   Data          16  timbox.o(.bss)
    heighCheckTimer                          0x200002e4   Data          16  timbox.o(.bss)
    __initial_sp                             0x200006f8   Data           0  startup_stm32f10x_hd.o(STACK)



==============================================================================

Memory Map of the image

  Image Entry point : 0x08000131

  Load Region LR_IROM1 (Base: 0x08000000, Size: 0x000047a0, Max: 0x00040000, ABSOLUTE, COMPRESSED[0x000046dc])

    Execution Region ER_IROM1 (Base: 0x08000000, Size: 0x00004674, Max: 0x00040000, ABSOLUTE)

    Base Addr    Size         Type   Attr      Idx    E Section Name        Object

    0x08000000   0x00000130   Data   RO         1697    RESET               startup_stm32f10x_hd.o
    0x08000130   0x00000000   Code   RO         3621  * .ARM.Collect$$$$00000000  mc_w.l(entry.o)
    0x08000130   0x00000004   Code   RO         3895    .ARM.Collect$$$$00000001  mc_w.l(entry2.o)
    0x08000134   0x00000004   Code   RO         3898    .ARM.Collect$$$$00000004  mc_w.l(entry5.o)
    0x08000138   0x00000000   Code   RO         3900    .ARM.Collect$$$$00000008  mc_w.l(entry7b.o)
    0x08000138   0x00000000   Code   RO         3902    .ARM.Collect$$$$0000000A  mc_w.l(entry8b.o)
    0x08000138   0x00000008   Code   RO         3903    .ARM.Collect$$$$0000000B  mc_w.l(entry9a.o)
    0x08000140   0x00000000   Code   RO         3905    .ARM.Collect$$$$0000000D  mc_w.l(entry10a.o)
    0x08000140   0x00000000   Code   RO         3907    .ARM.Collect$$$$0000000F  mc_w.l(entry11a.o)
    0x08000140   0x00000004   Code   RO         3896    .ARM.Collect$$$$00002712  mc_w.l(entry2.o)
    0x08000144   0x00000024   Code   RO         1698    .text               startup_stm32f10x_hd.o
    0x08000168   0x00000024   Code   RO         3624    .text               mc_w.l(memcpya.o)
    0x0800018c   0x00000024   Code   RO         3626    .text               mc_w.l(memseta.o)
    0x080001b0   0x0000001e   Code   RO         3630    .text               mc_w.l(strncmp.o)
    0x080001ce   0x0000002c   Code   RO         3910    .text               mc_w.l(uidiv.o)
    0x080001fa   0x00000002   PAD
    0x080001fc   0x00000024   Code   RO         3925    .text               mc_w.l(init.o)
    0x08000220   0x00000056   Code   RO         3943    .text               mc_w.l(__dczerorl2.o)
    0x08000276   0x00000002   PAD
    0x08000278   0x000000cc   Code   RO         2613    i.ADDON_BOARD_Init  addonboard.o
    0x08000344   0x00000018   Code   RO         2615    i.ADDON_BOARD_Update  addonboard.o
    0x0800035c   0x00000014   Code   RO         3543    i.AddonFrame_Array2struct  dataframe.o
    0x08000370   0x00000014   Code   RO         3544    i.AddonFrame_struct2Array  dataframe.o
    0x08000384   0x0000000c   Code   RO         2557    i.BOX_CONTROLLER_Init  boxcontroller.o
    0x08000390   0x0000001a   Code   RO         2558    i.BOX_CONTROLLER_Run  boxcontroller.o
    0x080003aa   0x00000020   Code   RO         2559    i.BOX_CONTROLLER_SetHeight  boxcontroller.o
    0x080003ca   0x00000020   Code   RO         2560    i.BOX_CONTROLLER_SetMode  boxcontroller.o
    0x080003ea   0x00000104   Code   RO         2561    i.BOX_CONTROLLER_SetState  boxcontroller.o
    0x080004ee   0x0000001a   Code   RO         2562    i.BOX_CONTROLLER_Update  boxcontroller.o
    0x08000508   0x00000050   Code   RO         2436    i.BUTTON_LEDS_Init  buttonleds.o
    0x08000558   0x0000002c   Code   RO         2437    i.BUTTON_LEDS_SaveSitLed  buttonleds.o
    0x08000584   0x0000002c   Code   RO         2438    i.BUTTON_LEDS_SaveStandLed  buttonleds.o
    0x080005b0   0x0000002c   Code   RO         2439    i.BUTTON_LED_DownHsLed  buttonleds.o
    0x080005dc   0x0000002c   Code   RO         2440    i.BUTTON_LED_DownMblLed  buttonleds.o
    0x08000608   0x0000002c   Code   RO         2441    i.BUTTON_LED_MicMblLed  buttonleds.o
    0x08000634   0x0000002c   Code   RO         2442    i.BUTTON_LED_SitMblLed  buttonleds.o
    0x08000660   0x0000002c   Code   RO         2443    i.BUTTON_LED_StandMblLed  buttonleds.o
    0x0800068c   0x0000002c   Code   RO         2444    i.BUTTON_LED_StopHsLed  buttonleds.o
    0x080006b8   0x0000002c   Code   RO         2445    i.BUTTON_LED_StopMblLed  buttonleds.o
    0x080006e4   0x0000002c   Code   RO         2446    i.BUTTON_LED_UpHsLed  buttonleds.o
    0x08000710   0x0000002c   Code   RO         2447    i.BUTTON_LED_UpMblLed  buttonleds.o
    0x0800073c   0x00000128   Code   RO         2448    i.BUTTON_LED_Update  buttonleds.o
    0x08000864   0x00000018   Code   RO         2450    i.BUTTON_LED_putBytes  buttonleds.o
    0x0800087c   0x00000004   Code   RO         1512    i.BusFault_Handler  stm32f10x_it.o
    0x08000880   0x0000001c   Code   RO         2713    i.DEBUG_GetString   debug.o
    0x0800089c   0x00000038   Code   RO         2714    i.DEBUG_Init        debug.o
    0x080008d4   0x00000014   Code   RO         2715    i.DEBUG_LfFcn       debug.o
    0x080008e8   0x00000028   Code   RO         2716    i.DEBUG_UartFullFcn  debug.o
    0x08000910   0x00000634   Code   RO         2717    i.DEBUG_Update      debug.o
    0x08000f44   0x00000010   Code   RO         1513    i.DMA1_Channel2_IRQHandler  stm32f10x_it.o
    0x08000f54   0x0000002c   Code   RO         1514    i.DMA1_Channel3_IRQHandler  stm32f10x_it.o
    0x08000f80   0x0000001a   Code   RO         1515    i.DMA1_Channel5_IRQHandler  stm32f10x_it.o
    0x08000f9a   0x0000001a   Code   RO         1516    i.DMA1_Channel6_IRQHandler  stm32f10x_it.o
    0x08000fb4   0x00000020   Code   RO         1517    i.DMA2_Channel3_IRQHandler  stm32f10x_it.o
    0x08000fd4   0x0000001c   Code   RO          117    i.DMA_ClearITPendingBit  stm32f10x_dma.o
    0x08000ff0   0x00000018   Code   RO          118    i.DMA_Cmd           stm32f10x_dma.o
    0x08001008   0x0000014c   Code   RO          119    i.DMA_DeInit        stm32f10x_dma.o
    0x08001154   0x0000002c   Code   RO          122    i.DMA_GetITStatus   stm32f10x_dma.o
    0x08001180   0x00000012   Code   RO          123    i.DMA_ITConfig      stm32f10x_dma.o
    0x08001192   0x0000003c   Code   RO          124    i.DMA_Init          stm32f10x_dma.o
    0x080011ce   0x00000038   Code   RO         3545    i.DataFrame_ArrayToStruct  dataframe.o
    0x08001206   0x0000000a   Code   RO         3546    i.DataFrame_GetLength  dataframe.o
    0x08001210   0x0000000e   Code   RO         3547    i.DataFrame_GetParams  dataframe.o
    0x0800121e   0x00000014   Code   RO         3548    i.DataFrame_JIE_array2struct  dataframe.o
    0x08001232   0x0000002a   Code   RO         3549    i.DataFrame_JIE_isValid  dataframe.o
    0x0800125c   0x0000005a   Code   RO         3550    i.DataFrame_StructToArray  dataframe.o
    0x080012b6   0x0000000a   Code   RO         3551    i.DataFrame_TIM_array2struct  dataframe.o
    0x080012c0   0x0000003a   Code   RO         3553    i.DataFrame_UpdateChecksum  dataframe.o
    0x080012fa   0x0000004e   Code   RO         3554    i.DataFrame_isValidpackage  dataframe.o
    0x08001348   0x00000002   Code   RO         1518    i.DebugMon_Handler  stm32f10x_it.o
    0x0800134a   0x00000010   Code   RO         2383    i.Delay             speaker.o
    0x0800135a   0x00000002   PAD
    0x0800135c   0x00000058   Code   RO         3389    i.EE_FindValidPage  eeprom.o
    0x080013b4   0x0000003c   Code   RO         3390    i.EE_Format         eeprom.o
    0x080013f0   0x000001f8   Code   RO         3391    i.EE_Init           eeprom.o
    0x080015e8   0x000000f0   Code   RO         3392    i.EE_PageTransfer   eeprom.o
    0x080016d8   0x00000060   Code   RO         3393    i.EE_ReadVariable   eeprom.o
    0x08001738   0x0000006c   Code   RO         3394    i.EE_VerifyPageFullWriteVariable  eeprom.o
    0x080017a4   0x00000024   Code   RO         3395    i.EE_WriteVariable  eeprom.o
    0x080017c8   0x00000002   Code   RO         1520    i.EXTI0_IRQHandler  stm32f10x_it.o
    0x080017ca   0x00000002   PAD
    0x080017cc   0x0000004c   Code   RO          792    i.FLASH_ErasePage   stm32f10x_flash.o
    0x08001818   0x00000034   Code   RO          793    i.FLASH_GetBank1Status  stm32f10x_flash.o
    0x0800184c   0x00000040   Code   RO          805    i.FLASH_ProgramHalfWord  stm32f10x_flash.o
    0x0800188c   0x00000018   Code   RO          810    i.FLASH_Unlock      stm32f10x_flash.o
    0x080018a4   0x00000026   Code   RO          814    i.FLASH_WaitForLastOperation  stm32f10x_flash.o
    0x080018ca   0x00000116   Code   RO          254    i.GPIO_Init         stm32f10x_gpio.o
    0x080019e0   0x00000012   Code   RO          258    i.GPIO_ReadInputDataBit  stm32f10x_gpio.o
    0x080019f2   0x00000004   Code   RO          261    i.GPIO_ResetBits    stm32f10x_gpio.o
    0x080019f6   0x00000004   Code   RO          262    i.GPIO_SetBits      stm32f10x_gpio.o
    0x080019fa   0x00000004   Code   RO         1521    i.HardFault_Handler  stm32f10x_it.o
    0x080019fe   0x00000002   PAD
    0x08001a00   0x00000010   Code   RO          362    i.IWDG_Enable       stm32f10x_iwdg.o
    0x08001a10   0x00000010   Code   RO          364    i.IWDG_ReloadCounter  stm32f10x_iwdg.o
    0x08001a20   0x0000000c   Code   RO          367    i.IWDG_WriteAccessCmd  stm32f10x_iwdg.o
    0x08001a2c   0x00000010   Code   RO         2827    i.JIECANG_BOX_GetConnectStatus  jiecangbox.o
    0x08001a3c   0x0000000c   Code   RO         2828    i.JIECANG_BOX_GetHeight  jiecangbox.o
    0x08001a48   0x0000000c   Code   RO         2830    i.JIECANG_BOX_GetState  jiecangbox.o
    0x08001a54   0x00000010   Code   RO         2831    i.JIECANG_BOX_GetStatus  jiecangbox.o
    0x08001a64   0x00000124   Code   RO         2832    i.JIECANG_BOX_Init  jiecangbox.o
    0x08001b88   0x00000010   Code   RO         2833    i.JIECANG_BOX_MoveDown  jiecangbox.o
    0x08001b98   0x00000010   Code   RO         2834    i.JIECANG_BOX_MoveToPos1  jiecangbox.o
    0x08001ba8   0x00000010   Code   RO         2835    i.JIECANG_BOX_MoveToPos2  jiecangbox.o
    0x08001bb8   0x00000010   Code   RO         2836    i.JIECANG_BOX_MoveUp  jiecangbox.o
    0x08001bc8   0x00000018   Code   RO         2837    i.JIECANG_BOX_PutBytes  jiecangbox.o
    0x08001be0   0x000002dc   Code   RO         2838    i.JIECANG_BOX_Run   jiecangbox.o
    0x08001ebc   0x00000010   Code   RO         2839    i.JIECANG_BOX_SaveCurrentHeightToPos1  jiecangbox.o
    0x08001ecc   0x00000010   Code   RO         2840    i.JIECANG_BOX_SaveCurrentHeightToPos2  jiecangbox.o
    0x08001edc   0x00000014   Code   RO         2841    i.JIECANG_BOX_SetHeight  jiecangbox.o
    0x08001ef0   0x0000000c   Code   RO         2842    i.JIECANG_BOX_SetMode  jiecangbox.o
    0x08001efc   0x0000000c   Code   RO         2843    i.JIECANG_BOX_SetState  jiecangbox.o
    0x08001f08   0x00000010   Code   RO         2844    i.JIECANG_BOX_StopMove  jiecangbox.o
    0x08001f18   0x00000174   Code   RO         2845    i.JIECANG_BOX_Update  jiecangbox.o
    0x0800208c   0x00000014   Code   RO         2846    i.JIECANG_DmaCallback  jiecangbox.o
    0x080020a0   0x00000002   Code   RO         2847    i.JIECANG_DownModeTimeoutFcn  jiecangbox.o
    0x080020a2   0x0000000e   Code   RO         2849    i.JIECANG_GetHeightFromStruct  jiecangbox.o
    0x080020b0   0x00000064   Code   RO         2850    i.JIECANG_ResetAllTimer  jiecangbox.o
    0x08002114   0x00000054   Code   RO         2851    i.JIECANG_StopAllTimer  jiecangbox.o
    0x08002168   0x00000002   Code   RO         2853    i.JIECANG_UpModeTimeoutFcn  jiecangbox.o
    0x0800216a   0x00000002   PAD
    0x0800216c   0x0000000c   Code   RO         2854    i.JIECANG_UpdateCurrentHeight  jiecangbox.o
    0x08002178   0x00000054   Code   RO         2855    i.JIECANG_heightTimerFcn  jiecangbox.o
    0x080021cc   0x0000005c   Code   RO         2856    i.JIECANG_rxCpy     jiecangbox.o
    0x08002228   0x00000020   Code   RO         2452    i.MBL_DmaCallback   buttonleds.o
    0x08002248   0x0000000c   Code   RO         3365    i.MY_FLASH_Init     myflash.o
    0x08002254   0x00000012   Code   RO         3366    i.MY_FLASH_Read     myflash.o
    0x08002266   0x00000010   Code   RO         3367    i.MY_FLASH_Write    myflash.o
    0x08002276   0x00000004   Code   RO         1522    i.MemManage_Handler  stm32f10x_it.o
    0x0800227a   0x0000002a   Code   RO         1523    i.NMI_Handler       stm32f10x_it.o
    0x080022a4   0x00000070   Code   RO           76    i.NVIC_Init         misc.o
    0x08002314   0x00000014   Code   RO           77    i.NVIC_PriorityGroupConfig  misc.o
    0x08002328   0x00000002   Code   RO         1524    i.PendSV_Handler    stm32f10x_it.o
    0x0800232a   0x00000002   PAD
    0x0800232c   0x00000020   Code   RO          408    i.RCC_AHBPeriphClockCmd  stm32f10x_rcc.o
    0x0800234c   0x00000020   Code   RO          409    i.RCC_APB1PeriphClockCmd  stm32f10x_rcc.o
    0x0800236c   0x00000020   Code   RO          410    i.RCC_APB1PeriphResetCmd  stm32f10x_rcc.o
    0x0800238c   0x00000020   Code   RO          411    i.RCC_APB2PeriphClockCmd  stm32f10x_rcc.o
    0x080023ac   0x00000020   Code   RO          412    i.RCC_APB2PeriphResetCmd  stm32f10x_rcc.o
    0x080023cc   0x0000000c   Code   RO          416    i.RCC_ClearITPendingBit  stm32f10x_rcc.o
    0x080023d8   0x000000d4   Code   RO          419    i.RCC_GetClocksFreq  stm32f10x_rcc.o
    0x080024ac   0x0000003c   Code   RO          420    i.RCC_GetFlagStatus  stm32f10x_rcc.o
    0x080024e8   0x00000018   Code   RO          421    i.RCC_GetITStatus   stm32f10x_rcc.o
    0x08002500   0x0000004c   Code   RO          424    i.RCC_HSEConfig     stm32f10x_rcc.o
    0x0800254c   0x0000003c   Code   RO         1525    i.RCC_IRQHandler    stm32f10x_it.o
    0x08002588   0x00000020   Code   RO          426    i.RCC_ITConfig      stm32f10x_rcc.o
    0x080025a8   0x00000018   Code   RO          430    i.RCC_PCLK1Config   stm32f10x_rcc.o
    0x080025c0   0x0000000c   Code   RO          432    i.RCC_PLLCmd        stm32f10x_rcc.o
    0x080025cc   0x00000018   Code   RO          436    i.RCC_SYSCLKConfig  stm32f10x_rcc.o
    0x080025e4   0x00000010   Code   RO         2760    i.RPI_ConnectStatus  rpi.o
    0x080025f4   0x0000000c   Code   RO         2761    i.RPI_DmaCallback   rpi.o
    0x08002600   0x00000314   Code   RO         2762    i.RPI_GetInfoFromPackage  rpi.o
    0x08002914   0x000000b4   Code   RO         2763    i.RPI_Init          rpi.o
    0x080029c8   0x00000018   Code   RO         2764    i.RPI_PutBytes      rpi.o
    0x080029e0   0x00000030   Code   RO         2766    i.RPI_Update        rpi.o
    0x08002a10   0x0000004c   Code   RO         2767    i.RPI_UpdateCurrentHeight  rpi.o
    0x08002a5c   0x0000002c   Code   RO         2384    i.SPEAKER_Init      speaker.o
    0x08002a88   0x00000010   Code   RO         2385    i.SPEAKER_Mute_off  speaker.o
    0x08002a98   0x00000010   Code   RO         2386    i.SPEAKER_Mute_on   speaker.o
    0x08002aa8   0x00000014   Code   RO         2387    i.SPEAKER_Off       speaker.o
    0x08002abc   0x0000000c   Code   RO         2388    i.SPEAKER_On        speaker.o
    0x08002ac8   0x00000010   Code   RO         2389    i.SPEAKER_Standby_off  speaker.o
    0x08002ad8   0x00000010   Code   RO         2390    i.SPEAKER_Standby_on  speaker.o
    0x08002ae8   0x00000002   Code   RO         1526    i.SVC_Handler       stm32f10x_it.o
    0x08002aea   0x00000008   Code   RO           17    i.SetSysClock       system_stm32f10x.o
    0x08002af2   0x00000002   PAD
    0x08002af4   0x000000e0   Code   RO           18    i.SetSysClockTo72   system_stm32f10x.o
    0x08002bd4   0x00000008   Code   RO         1527    i.SysTick_Handler   stm32f10x_it.o
    0x08002bdc   0x00000060   Code   RO           20    i.SystemInit        system_stm32f10x.o
    0x08002c3c   0x00000002   Code   RO         1528    i.TIM6_IRQHandler   stm32f10x_it.o
    0x08002c3e   0x00000024   Code   RO         3438    i.TIMER_cmdUp       timer.o
    0x08002c62   0x00000006   Code   RO         3439    i.TIMER_getVal      timer.o
    0x08002c68   0x0000000c   Code   RO         3440    i.TIMER_init        timer.o
    0x08002c74   0x00000004   Code   RO         3441    i.TIMER_setVal      timer.o
    0x08002c78   0x0000000a   Code   RO         3442    i.TIMER_start       timer.o
    0x08002c82   0x00000006   Code   RO         3443    i.TIMER_stop        timer.o
    0x08002c88   0x00000014   Code   RO         3029    i.TIMOTION_DmaCallback  timbox.o
    0x08002c9c   0x00000078   Code   RO         3030    i.TIMOTION_GetHeightFromLongBuffer  timbox.o
    0x08002d14   0x0000005c   Code   RO         3031    i.TIMOTION_rxCpy    timbox.o
    0x08002d70   0x00000010   Code   RO         3032    i.TIM_BOX_DownApi   timbox.o
    0x08002d80   0x00000014   Code   RO         3034    i.TIM_BOX_GetDetectStatus  timbox.o
    0x08002d94   0x0000000c   Code   RO         3035    i.TIM_BOX_GetHeight  timbox.o
    0x08002da0   0x0000000c   Code   RO         3039    i.TIM_BOX_GetState  timbox.o
    0x08002dac   0x00000014   Code   RO         3040    i.TIM_BOX_HsDown    timbox.o
    0x08002dc0   0x0000001c   Code   RO         3041    i.TIM_BOX_HsReset   timbox.o
    0x08002ddc   0x00000014   Code   RO         3042    i.TIM_BOX_HsStop    timbox.o
    0x08002df0   0x00000014   Code   RO         3043    i.TIM_BOX_HsUp      timbox.o
    0x08002e04   0x000001b0   Code   RO         3044    i.TIM_BOX_Init      timbox.o
    0x08002fb4   0x00000010   Code   RO         3045    i.TIM_BOX_MblDown   timbox.o
    0x08002fc4   0x00000002   Code   RO         3046    i.TIM_BOX_MblMic    timbox.o
    0x08002fc6   0x00000002   PAD
    0x08002fc8   0x00000010   Code   RO         3047    i.TIM_BOX_MblStop   timbox.o
    0x08002fd8   0x00000010   Code   RO         3048    i.TIM_BOX_MblUp     timbox.o
    0x08002fe8   0x00000010   Code   RO         3050    i.TIM_BOX_MovePos1Api  timbox.o
    0x08002ff8   0x00000010   Code   RO         3051    i.TIM_BOX_MovePos2Api  timbox.o
    0x08003008   0x00000010   Code   RO         3052    i.TIM_BOX_MovePos3Api  timbox.o
    0x08003018   0x00000010   Code   RO         3053    i.TIM_BOX_MovePos4Api  timbox.o
    0x08003028   0x00000008   Code   RO         3054    i.TIM_BOX_MoveToPos1  timbox.o
    0x08003030   0x00000008   Code   RO         3055    i.TIM_BOX_MoveToPos2  timbox.o
    0x08003038   0x00000008   Code   RO         3056    i.TIM_BOX_MoveToPos3  timbox.o
    0x08003040   0x00000008   Code   RO         3057    i.TIM_BOX_MoveToPos4  timbox.o
    0x08003048   0x00000018   Code   RO         3059    i.TIM_BOX_PutBytes  timbox.o
    0x08003060   0x0000000c   Code   RO         3060    i.TIM_BOX_ReadSitPosHeight  timbox.o
    0x0800306c   0x0000000c   Code   RO         3061    i.TIM_BOX_ReadStandPosHeight  timbox.o
    0x08003078   0x00000040   Code   RO         3062    i.TIM_BOX_ResetAllStateTime  timbox.o
    0x080030b8   0x00000010   Code   RO         3063    i.TIM_BOX_ResetApi  timbox.o
    0x080030c8   0x0000032c   Code   RO         3064    i.TIM_BOX_Run       timbox.o
    0x080033f4   0x00000010   Code   RO         3065    i.TIM_BOX_SaveApi   timbox.o
    0x08003404   0x00000010   Code   RO         3070    i.TIM_BOX_SaveSitPos  timbox.o
    0x08003414   0x00000010   Code   RO         3071    i.TIM_BOX_SaveStandPos  timbox.o
    0x08003424   0x00000024   Code   RO         3072    i.TIM_BOX_SetHeight  timbox.o
    0x08003448   0x0000000c   Code   RO         3073    i.TIM_BOX_SetMode   timbox.o
    0x08003454   0x0000001c   Code   RO         3074    i.TIM_BOX_SetState  timbox.o
    0x08003470   0x00000010   Code   RO         3076    i.TIM_BOX_StopApi   timbox.o
    0x08003480   0x0000000a   Code   RO         3077    i.TIM_BOX_TimeoutFcn  timbox.o
    0x0800348a   0x00000002   PAD
    0x0800348c   0x00000010   Code   RO         3078    i.TIM_BOX_UpApi     timbox.o
    0x0800349c   0x000000d0   Code   RO         3079    i.TIM_BOX_Update    timbox.o
    0x0800356c   0x00000018   Code   RO         3080    i.TIM_BOX_UpdateCurrentHeight  timbox.o
    0x08003584   0x00000050   Code   RO         3081    i.TIM_BOX_heighCheckFcn  timbox.o
    0x080035d4   0x00000018   Code   RO          980    i.TIM_Cmd           stm32f10x_tim.o
    0x080035ec   0x000001e8   Code   RO          985    i.TIM_DeInit        stm32f10x_tim.o
    0x080037d4   0x00000020   Code   RO         2651    i.TIM_HANDSET_DisplayHeight  timhandset.o
    0x080037f4   0x00000014   Code   RO         2652    i.TIM_HANDSET_DmaCallback  timhandset.o
    0x08003808   0x00000048   Code   RO         2653    i.TIM_HANDSET_GetCommandFromDataPackage  timhandset.o
    0x08003850   0x00000034   Code   RO         2654    i.TIM_HANDSET_Init  timhandset.o
    0x08003884   0x00000002   Code   RO         2655    i.TIM_HANDSET_Run   timhandset.o
    0x08003886   0x00000002   PAD
    0x08003888   0x00000120   Code   RO         2656    i.TIM_HANDSET_Update  timhandset.o
    0x080039a8   0x00000018   Code   RO         2657    i.TIM_HANDSET_putBytes  timhandset.o
    0x080039c0   0x0000005c   Code   RO         2658    i.TIM_HANDSET_rxCpy  timhandset.o
    0x08003a1c   0x000000a4   Code   RO         1051    i.TIM_TimeBaseInit  stm32f10x_tim.o
    0x08003ac0   0x00000020   Code   RO         1746    i.UART3_putByte     myuart.o
    0x08003ae0   0x00000018   Code   RO         1529    i.UART5_IRQHandler  stm32f10x_it.o
    0x08003af8   0x00000020   Code   RO         1771    i.UART5_defaultInit  myuart.o
    0x08003b18   0x00000014   Code   RO         1774    i.UART5_enableRxInt  myuart.o
    0x08003b2c   0x00000010   Code   RO         1777    i.UART5_getString   myuart.o
    0x08003b3c   0x00000014   Code   RO         1778    i.UART5_init        myuart.o
    0x08003b50   0x00000020   Code   RO         1779    i.UART5_putByte     myuart.o
    0x08003b70   0x0000002a   Code   RO         1784    i.UART5_setPriority  myuart.o
    0x08003b9a   0x00000002   PAD
    0x08003b9c   0x00000010   Code   RO         1785    i.UART5_start       myuart.o
    0x08003bac   0x00000020   Code   RO         1787    i.UARTx_ClearRxBuffer  myuart.o
    0x08003bcc   0x00000254   Code   RO         1792    i.UARTx_Init        myuart.o
    0x08003e20   0x000000b8   Code   RO         1795    i.UARTx_PutBytesDMA  myuart.o
    0x08003ed8   0x000000b8   Code   RO         1797    i.UARTx_RxDmaInit   myuart.o
    0x08003f90   0x000000c8   Code   RO         1798    i.UARTx_SetRxDmaIntPriority  myuart.o
    0x08004058   0x00000060   Code   RO         1801    i.UARTx_Start       myuart.o
    0x080040b8   0x00000088   Code   RO         1806    i.UARTx_getString   myuart.o
    0x08004140   0x00000018   Code   RO          611    i.USART_Cmd         stm32f10x_usart.o
    0x08004158   0x00000012   Code   RO          612    i.USART_DMACmd      stm32f10x_usart.o
    0x0800416a   0x00000002   PAD
    0x0800416c   0x0000009c   Code   RO          613    i.USART_DeInit      stm32f10x_usart.o
    0x08004208   0x0000001a   Code   RO          614    i.USART_GetFlagStatus  stm32f10x_usart.o
    0x08004222   0x00000054   Code   RO          615    i.USART_GetITStatus  stm32f10x_usart.o
    0x08004276   0x0000004a   Code   RO          617    i.USART_ITConfig    stm32f10x_usart.o
    0x080042c0   0x000000d8   Code   RO          618    i.USART_Init        stm32f10x_usart.o
    0x08004398   0x0000000a   Code   RO          625    i.USART_ReceiveData  stm32f10x_usart.o
    0x080043a2   0x00000008   Code   RO          628    i.USART_SendData    stm32f10x_usart.o
    0x080043aa   0x00000004   Code   RO         1530    i.UsageFault_Handler  stm32f10x_it.o
    0x080043ae   0x00000002   PAD
    0x080043b0   0x00000020   Code   RO         3679    i.__0printf$1       mc_w.l(printf1.o)
    0x080043d0   0x0000000e   Code   RO         3937    i.__scatterload_copy  mc_w.l(handlers.o)
    0x080043de   0x00000002   Code   RO         3938    i.__scatterload_null  mc_w.l(handlers.o)
    0x080043e0   0x0000000e   Code   RO         3939    i.__scatterload_zeroinit  mc_w.l(handlers.o)
    0x080043ee   0x00000002   PAD
    0x080043f0   0x00000154   Code   RO         3686    i._printf_core      mc_w.l(printf1.o)
    0x08004544   0x00000010   Code   RO         1808    i.fputc             myuart.o
    0x08004554   0x00000010   Code   RO         2358    i.main              main_1.o
    0x08004564   0x00000013   Data   RO         2453    .constdata          buttonleds.o
    0x08004577   0x00000026   Data   RO         2769    .constdata          rpi.o
    0x0800459d   0x00000003   PAD
    0x080045a0   0x0000005a   Data   RO         2858    .constdata          jiecangbox.o
    0x080045fa   0x00000002   PAD
    0x080045fc   0x00000055   Data   RO         3083    .constdata          timbox.o
    0x08004651   0x00000003   PAD
    0x08004654   0x00000020   Data   RO         3935    Region$$Table       anon$$obj.o


    Execution Region RW_IRAM1 (Base: 0x20000000, Size: 0x000006f8, Max: 0x0000c000, ABSOLUTE, COMPRESSED[0x00000068])

    Base Addr    Size         Type   Attr      Idx    E Section Name        Object

    0x20000000   0x00000014   Data   RW           21    .data               system_stm32f10x.o
    0x20000014   0x00000014   Data   RW          439    .data               stm32f10x_rcc.o
    0x20000028   0x00000025   Data   RW         2454    .data               buttonleds.o
    0x2000004d   0x00000003   PAD
    0x20000050   0x00000023   Data   RW         2660    .data               timhandset.o
    0x20000073   0x00000001   PAD
    0x20000074   0x0000001b   Data   RW         2770    .data               rpi.o
    0x2000008f   0x00000001   PAD
    0x20000090   0x00000024   Data   RW         2859    .data               jiecangbox.o
    0x200000b4   0x00000071   Data   RW         3084    .data               timbox.o
    0x20000125   0x00000001   PAD
    0x20000126   0x00000002   Data   RW         3396    .data               eeprom.o
    0x20000128   0x00000004   Data   RW         3909    .data               mc_w.l(stdout.o)
    0x2000012c   0x0000001c   Zero   RW         2659    .bss                timhandset.o
    0x20000148   0x0000004e   Zero   RW         2719    .bss                debug.o
    0x20000196   0x00000002   PAD
    0x20000198   0x00000028   Zero   RW         2768    .bss                rpi.o
    0x200001c0   0x000000c1   Zero   RW         2857    .bss                jiecangbox.o
    0x20000281   0x00000003   PAD
    0x20000284   0x00000070   Zero   RW         3082    .bss                timbox.o
    0x200002f4   0x00000004   PAD
    0x200002f8   0x00000400   Zero   RW         1695    STACK               startup_stm32f10x_hd.o


==============================================================================

Image component sizes


      Code (inc. data)   RO Data    RW Data    ZI Data      Debug   Object Name

       228         16          0          0          0      16363   addonboard.o
       388         10          0          0          0       3277   boxcontroller.o
       916        204         19         37          0      11884   buttonleds.o
         0          0          0          0          0       4536   core_cm3.o
       418          0          0          0          0       7816   dataframe.o
      1732        822          0          0         78       3595   debug.o
      1132         68          0          2          0       6813   eeprom.o
      2042        442         90         36        193      18895   jiecangbox.o
        16          0          0          0          0        439   main_1.o
       132         22          0          0          0       1587   misc.o
        46          0          0          0          0       1669   myflash.o
      1654        164          0          0          0      11190   myuart.o
      1144        252         38         27         40       6920   rpi.o
       156         22          0          0          0       3586   speaker.o
        36          8        304          0       1024        932   startup_stm32f10x_hd.o
       506         26          0          0          0      15107   stm32f10x_dma.o
       254         24          0          0          0       9365   stm32f10x_flash.o
       304          0          0          0          0       3700   stm32f10x_gpio.o
       304         14          0          0          0      17422   stm32f10x_it.o
        44         18          0          0          0       1477   stm32f10x_iwdg.o
       636         94          0         20          0      10611   stm32f10x_rcc.o
       676        106          0          0          0       2578   stm32f10x_tim.o
       616         28          0          0          0       7387   stm32f10x_usart.o
       328         28          0         20          0     251117   system_stm32f10x.o
      2376        520         85        113        112      24836   timbox.o
        74          0          0          0          0       3620   timer.o
       582         60          0         35         28       5143   timhandset.o

    ----------------------------------------------------------------------
     16764       2948        576        296       1484     451865   Object Totals
         0          0         32          0          0          0   (incl. Generated)
        24          0          8          6          9          0   (incl. Padding)

    ----------------------------------------------------------------------

      Code (inc. data)   RO Data    RW Data    ZI Data      Debug   Library Member Name

        86          0          0          0          0          0   __dczerorl2.o
         0          0          0          0          0          0   entry.o
         0          0          0          0          0          0   entry10a.o
         0          0          0          0          0          0   entry11a.o
         8          4          0          0          0          0   entry2.o
         4          0          0          0          0          0   entry5.o
         0          0          0          0          0          0   entry7b.o
         0          0          0          0          0          0   entry8b.o
         8          4          0          0          0          0   entry9a.o
        30          0          0          0          0          0   handlers.o
        36          8          0          0          0         68   init.o
        36          0          0          0          0         68   memcpya.o
        36          0          0          0          0        108   memseta.o
       372         14          0          0          0        184   printf1.o
         0          0          0          4          0          0   stdout.o
        30          0          0          0          0         80   strncmp.o
        44          0          0          0          0         80   uidiv.o

    ----------------------------------------------------------------------
       696         30          0          4          0        588   Library Totals
         6          0          0          0          0          0   (incl. Padding)

    ----------------------------------------------------------------------

      Code (inc. data)   RO Data    RW Data    ZI Data      Debug   Library Name

       690         30          0          4          0        588   mc_w.l

    ----------------------------------------------------------------------
       696         30          0          4          0        588   Library Totals

    ----------------------------------------------------------------------

==============================================================================


      Code (inc. data)   RO Data    RW Data    ZI Data      Debug   

     17460       2978        576        300       1484     440673   Grand Totals
     17460       2978        576        104       1484     440673   ELF Image Totals (compressed)
     17460       2978        576        104          0          0   ROM Totals

==============================================================================

    Total RO  Size (Code + RO Data)                18036 (  17.61kB)
    Total RW  Size (RW Data + ZI Data)              1784 (   1.74kB)
    Total ROM Size (Code + RO Data + RW Data)      18140 (  17.71kB)

==============================================================================

