###############################################################################
#
# IAR ELF Linker V8.20.1.14183/W32 for ARM                24/Apr/2018  10:26:03
# Copyright 2007-2017 IAR Systems AB.
#
#    Output file  =  
#        D:\git\smartdesk_kid\firmware\smartdesk_kid\EWARM\smartdesk_kid\Exe\smartdesk_kid.out
#    Map file     =  
#        D:\git\smartdesk_kid\firmware\smartdesk_kid\EWARM\smartdesk_kid\List\smartdesk_kid.map
#    Command line =  
#        -f C:\Users\QThan\AppData\Local\Temp\EW9A4E.tmp
#        (D:\git\smartdesk_kid\firmware\smartdesk_kid\EWARM\smartdesk_kid\Obj\cmsis_os.o
#        D:\git\smartdesk_kid\firmware\smartdesk_kid\EWARM\smartdesk_kid\Obj\croutine.o
#        D:\git\smartdesk_kid\firmware\smartdesk_kid\EWARM\smartdesk_kid\Obj\event_groups.o
#        D:\git\smartdesk_kid\firmware\smartdesk_kid\EWARM\smartdesk_kid\Obj\freertos.o
#        D:\git\smartdesk_kid\firmware\smartdesk_kid\EWARM\smartdesk_kid\Obj\heap_4.o
#        D:\git\smartdesk_kid\firmware\smartdesk_kid\EWARM\smartdesk_kid\Obj\list.o
#        D:\git\smartdesk_kid\firmware\smartdesk_kid\EWARM\smartdesk_kid\Obj\main.o
#        D:\git\smartdesk_kid\firmware\smartdesk_kid\EWARM\smartdesk_kid\Obj\port.o
#        D:\git\smartdesk_kid\firmware\smartdesk_kid\EWARM\smartdesk_kid\Obj\portasm.o
#        D:\git\smartdesk_kid\firmware\smartdesk_kid\EWARM\smartdesk_kid\Obj\queue.o
#        D:\git\smartdesk_kid\firmware\smartdesk_kid\EWARM\smartdesk_kid\Obj\startup_stm32f103xe.o
#        D:\git\smartdesk_kid\firmware\smartdesk_kid\EWARM\smartdesk_kid\Obj\stm32f1xx_hal.o
#        D:\git\smartdesk_kid\firmware\smartdesk_kid\EWARM\smartdesk_kid\Obj\stm32f1xx_hal_cortex.o
#        D:\git\smartdesk_kid\firmware\smartdesk_kid\EWARM\smartdesk_kid\Obj\stm32f1xx_hal_dma.o
#        D:\git\smartdesk_kid\firmware\smartdesk_kid\EWARM\smartdesk_kid\Obj\stm32f1xx_hal_flash.o
#        D:\git\smartdesk_kid\firmware\smartdesk_kid\EWARM\smartdesk_kid\Obj\stm32f1xx_hal_flash_ex.o
#        D:\git\smartdesk_kid\firmware\smartdesk_kid\EWARM\smartdesk_kid\Obj\stm32f1xx_hal_gpio.o
#        D:\git\smartdesk_kid\firmware\smartdesk_kid\EWARM\smartdesk_kid\Obj\stm32f1xx_hal_gpio_ex.o
#        D:\git\smartdesk_kid\firmware\smartdesk_kid\EWARM\smartdesk_kid\Obj\stm32f1xx_hal_msp.o
#        D:\git\smartdesk_kid\firmware\smartdesk_kid\EWARM\smartdesk_kid\Obj\stm32f1xx_hal_pwr.o
#        D:\git\smartdesk_kid\firmware\smartdesk_kid\EWARM\smartdesk_kid\Obj\stm32f1xx_hal_rcc.o
#        D:\git\smartdesk_kid\firmware\smartdesk_kid\EWARM\smartdesk_kid\Obj\stm32f1xx_hal_rcc_ex.o
#        D:\git\smartdesk_kid\firmware\smartdesk_kid\EWARM\smartdesk_kid\Obj\stm32f1xx_hal_tim.o
#        D:\git\smartdesk_kid\firmware\smartdesk_kid\EWARM\smartdesk_kid\Obj\stm32f1xx_hal_tim_ex.o
#        D:\git\smartdesk_kid\firmware\smartdesk_kid\EWARM\smartdesk_kid\Obj\stm32f1xx_hal_timebase_TIM.o
#        D:\git\smartdesk_kid\firmware\smartdesk_kid\EWARM\smartdesk_kid\Obj\stm32f1xx_hal_uart.o
#        D:\git\smartdesk_kid\firmware\smartdesk_kid\EWARM\smartdesk_kid\Obj\stm32f1xx_it.o
#        D:\git\smartdesk_kid\firmware\smartdesk_kid\EWARM\smartdesk_kid\Obj\system_stm32f1xx.o
#        D:\git\smartdesk_kid\firmware\smartdesk_kid\EWARM\smartdesk_kid\Obj\tasks.o
#        D:\git\smartdesk_kid\firmware\smartdesk_kid\EWARM\smartdesk_kid\Obj\timers.o
#        --redirect _Printf=_PrintfFull --redirect _Scanf=_ScanfFull -o
#        D:\git\smartdesk_kid\firmware\smartdesk_kid\EWARM\smartdesk_kid\Exe\smartdesk_kid.out
#        --map
#        D:\git\smartdesk_kid\firmware\smartdesk_kid\EWARM\smartdesk_kid\List\smartdesk_kid.map
#        --config
#        D:\git\smartdesk_kid\firmware\smartdesk_kid\EWARM/stm32f103xe_flash.icf
#        --semihosting --entry __iar_program_start --vfe --text_out locale)
#
###############################################################################

*******************************************************************************
*** RUNTIME MODEL ATTRIBUTES
***

CppFlavor       = *
__SystemLibrary = DLib
__dlib_version  = 6


*******************************************************************************
*** HEAP SELECTION
***

The basic heap was selected because no calls to memory allocation
functions were found in the application outside of system library
functions, and there are calls to deallocation functions in the
application.


*******************************************************************************
*** PLACEMENT SUMMARY
***

"A0":  place at 0x08000000 { ro section .intvec };
"P1":  place in [from 0x08000000 to 0x0807ffff] { ro };
define block CSTACK with size = 1K, alignment = 8 { };
define block HEAP with size = 512, alignment = 8 { };
"P2":  place in [from 0x20000000 to 0x2000ffff] {
          rw, block CSTACK, block HEAP };
initialize by copy { rw };

  Section            Kind        Address    Size  Object
  -------            ----        -------    ----  ------
"A0":                                      0x130
  .intvec            ro code  0x08000000   0x130  startup_stm32f103xe.o [1]
                            - 0x08000130   0x130

"P1":                                     0x26ac
  .text              ro code  0x08000130   0x540  tasks.o [1]
  .text              ro code  0x08000670   0x1b4  heap_4.o [1]
  .text              ro code  0x08000824    0x8e  list.o [1]
  .text              ro code  0x080008b4   0x158  port.o [1]
  CODE               ro code  0x08000a0c    0x88  portasm.o [1]
  .text              ro code  0x08000a94   0x516  stm32f1xx_hal_rcc.o [1]
  .text              ro code  0x08000fac     0xc  stm32f1xx_hal.o [1]
  .text              ro code  0x08000fb8    0x78  stm32f1xx_hal_timebase_TIM.o [1]
  .text              ro code  0x08001030    0xe0  stm32f1xx_hal_cortex.o [1]
  .text              ro code  0x08001110   0x402  stm32f1xx_hal_tim.o [1]
  .text              ro code  0x08001514   0x2f4  stm32f1xx_hal_msp.o [1]
  .text              ro code  0x08001808     0x2  stm32f1xx_hal_tim.o [1]
  .text              ro code  0x0800180a     0x2  stm32f1xx_hal_tim.o [1]
  .text              ro code  0x0800180c   0x2bc  main.o [1]
  .text              ro code  0x08001ac8     0x2  stm32f1xx_hal_tim_ex.o [1]
  .text              ro code  0x08001aca     0x2  stm32f1xx_hal_tim.o [1]
  .text              ro code  0x08001acc     0x2  stm32f1xx_hal_tim_ex.o [1]
  .text              ro code  0x08001ace     0x2  stm32f1xx_hal_tim.o [1]
  .text              ro code  0x08001ad0   0x1e0  stm32f1xx_hal_gpio.o [1]
  .text              ro code  0x08001cb0   0x35c  stm32f1xx_hal_dma.o [1]
  .text              ro code  0x0800200c    0x24  stm32f1xx_hal.o [1]
  .text              ro code  0x08002030   0x380  stm32f1xx_hal_uart.o [1]
  .text              ro code  0x080023b0    0x86  ABImemcpy.o [4]
  .text              ro code  0x08002438    0x66  cmsis_os.o [1]
  .text              ro code  0x080024a0    0x4a  stm32f1xx_hal_tim_ex.o [1]
  .text              ro code  0x080024ec    0x10  stm32f1xx_hal.o [1]
  .text              ro code  0x080024fc     0x2  stm32f1xx_hal_uart.o [1]
  .text              ro code  0x080024fe     0x2  stm32f1xx_hal_uart.o [1]
  .text              ro code  0x08002500     0x2  stm32f1xx_hal_uart.o [1]
  .text              ro code  0x08002504    0x64  stm32f1xx_it.o [1]
  .text              ro code  0x08002568    0x5c  system_stm32f1xx.o [1]
  .text              ro code  0x080025c4    0x40  zero_init3.o [4]
  .text              ro code  0x08002604    0x2c  copy_init3.o [4]
  .text              ro code  0x08002630    0x28  data_init.o [4]
  .iar.init_table    const    0x08002658    0x24  - Linker created -
  .text              ro code  0x0800267c    0x1e  cmain.o [4]
  .text              ro code  0x0800269a     0x4  low_level_init.o [3]
  .text              ro code  0x0800269e     0x4  exit.o [3]
  .text              ro code  0x080026a4     0xa  cexit.o [4]
  .text              ro code  0x080026b0    0x14  exit.o [5]
  Initializer bytes  const    0x080026c4    0x1c  <for P2-1>
  .text              ro code  0x080026e0    0x10  startup_stm32f103xe.o [1]
  .rodata            const    0x080026f0     0xc  main.o [1]
  .text              ro code  0x080026fc     0xc  cstartup_M.o [4]
  .rodata            const    0x08002708     0x8  system_stm32f1xx.o [1]
  .text              ro code  0x08002710     0x4  startup_stm32f103xe.o [1]
  .text              ro code  0x08002714     0x4  startup_stm32f103xe.o [1]
  .text              ro code  0x08002718     0x4  startup_stm32f103xe.o [1]
  .text              ro code  0x0800271c     0x4  startup_stm32f103xe.o [1]
  .text              ro code  0x08002720     0x4  startup_stm32f103xe.o [1]
  .text              ro code  0x08002724     0x4  startup_stm32f103xe.o [1]
  .text              ro code  0x08002728     0x4  startup_stm32f103xe.o [1]
  .text              ro code  0x0800272c     0x4  startup_stm32f103xe.o [1]
  .text              ro code  0x08002730     0x4  startup_stm32f103xe.o [1]
  .text              ro code  0x08002734     0x4  startup_stm32f103xe.o [1]
  .text              ro code  0x08002738     0x4  startup_stm32f103xe.o [1]
  .text              ro code  0x0800273c     0x4  startup_stm32f103xe.o [1]
  .text              ro code  0x08002740     0x4  startup_stm32f103xe.o [1]
  .text              ro code  0x08002744     0x4  startup_stm32f103xe.o [1]
  .text              ro code  0x08002748     0x4  startup_stm32f103xe.o [1]
  .text              ro code  0x0800274c     0x4  startup_stm32f103xe.o [1]
  .text              ro code  0x08002750     0x4  startup_stm32f103xe.o [1]
  .text              ro code  0x08002754     0x4  startup_stm32f103xe.o [1]
  .text              ro code  0x08002758     0x4  startup_stm32f103xe.o [1]
  .text              ro code  0x0800275c     0x4  startup_stm32f103xe.o [1]
  .text              ro code  0x08002760     0x4  startup_stm32f103xe.o [1]
  .text              ro code  0x08002764     0x4  startup_stm32f103xe.o [1]
  .text              ro code  0x08002768     0x4  startup_stm32f103xe.o [1]
  .text              ro code  0x0800276c     0x4  startup_stm32f103xe.o [1]
  .text              ro code  0x08002770     0x4  startup_stm32f103xe.o [1]
  .text              ro code  0x08002774     0x4  startup_stm32f103xe.o [1]
  .text              ro code  0x08002778     0x4  startup_stm32f103xe.o [1]
  .text              ro code  0x0800277c     0x4  startup_stm32f103xe.o [1]
  .text              ro code  0x08002780     0x4  startup_stm32f103xe.o [1]
  .text              ro code  0x08002784     0x4  startup_stm32f103xe.o [1]
  .text              ro code  0x08002788     0x4  startup_stm32f103xe.o [1]
  .text              ro code  0x0800278c     0x4  startup_stm32f103xe.o [1]
  .text              ro code  0x08002790     0x4  startup_stm32f103xe.o [1]
  .text              ro code  0x08002794     0x4  startup_stm32f103xe.o [1]
  .text              ro code  0x08002798     0x4  startup_stm32f103xe.o [1]
  .text              ro code  0x0800279c     0x4  startup_stm32f103xe.o [1]
  .text              ro code  0x080027a0     0x4  startup_stm32f103xe.o [1]
  .text              ro code  0x080027a4     0x4  startup_stm32f103xe.o [1]
  .text              ro code  0x080027a8     0x4  startup_stm32f103xe.o [1]
  .text              ro code  0x080027ac     0x4  startup_stm32f103xe.o [1]
  .text              ro code  0x080027b0     0x4  startup_stm32f103xe.o [1]
  .text              ro code  0x080027b4     0x4  startup_stm32f103xe.o [1]
  .text              ro code  0x080027b8     0x4  startup_stm32f103xe.o [1]
  .text              ro code  0x080027bc     0x4  startup_stm32f103xe.o [1]
  .text              ro code  0x080027c0     0x4  startup_stm32f103xe.o [1]
  .text              ro code  0x080027c4     0x4  startup_stm32f103xe.o [1]
  .text              ro code  0x080027c8     0x4  startup_stm32f103xe.o [1]
  .text              ro code  0x080027cc     0x4  startup_stm32f103xe.o [1]
  .text              ro code  0x080027d0     0x4  startup_stm32f103xe.o [1]
  .text              ro code  0x080027d4     0x4  startup_stm32f103xe.o [1]
  .text              ro code  0x080027d8     0x4  startup_stm32f103xe.o [1]
  .rodata            const    0x080027dc     0x0  zero_init3.o [4]
  .rodata            const    0x080027dc     0x0  copy_init3.o [4]
                            - 0x080027dc  0x26ac

"P2", part 1 of 3:                          0x1c
  P2-1                        0x20000000    0x1c  <Init block>
    .data            inited   0x20000000     0xc  port.o [1]
    .data            inited   0x2000000c     0xc  stm32f1xx_hal.o [1]
    .data            inited   0x20000018     0x4  system_stm32f1xx.o [1]
                            - 0x2000001c    0x1c

"P2", part 2 of 3:                         0xf94
  .bss               zero     0x2000001c   0xc18  heap_4.o [1]
  .bss               zero     0x20000c34   0x104  main.o [1]
  .bss               zero     0x20000d38    0xa0  tasks.o [1]
  .bss               zero     0x20000dd8    0x8c  tasks.o [1]
  .bss               zero     0x20000e64    0x44  main.o [1]
  .bss               zero     0x20000ea8    0x44  main.o [1]
  .bss               zero     0x20000eec    0x44  main.o [1]
  .bss               zero     0x20000f30    0x40  main.o [1]
  .bss               zero     0x20000f70    0x40  stm32f1xx_hal_timebase_TIM.o [1]
                            - 0x20000fb0   0xf94

"P2", part 3 of 3:                         0x400
  CSTACK                      0x20000fb0   0x400  <Block>
    CSTACK           uninit   0x20000fb0   0x400  <Block tail>
                            - 0x200013b0   0x400


*******************************************************************************
*** INIT TABLE
***

          Address     Size
          -------     ----
Zero (__iar_zero_init3)
    1 destination range, total size 0xf94:
          0x2000001c  0xf94

Copy (__iar_copy_init3)
    1 source range, total size 0x1c:
          0x080026c4   0x1c
    1 destination range, total size 0x1c:
          0x20000000   0x1c



*******************************************************************************
*** MODULE SUMMARY
***

    Module                        ro code  ro data  rw data
    ------                        -------  -------  -------
D:\git\smartdesk_kid\firmware\smartdesk_kid\EWARM\smartdesk_kid\Obj: [1]
    cmsis_os.o                        102
    heap_4.o                          436             3 096
    list.o                            142
    main.o                            700       12      528
    port.o                            344       12       12
    portasm.o                         136
    startup_stm32f103xe.o             524
    stm32f1xx_hal.o                    64       12       12
    stm32f1xx_hal_cortex.o            224
    stm32f1xx_hal_dma.o               860
    stm32f1xx_hal_gpio.o              480
    stm32f1xx_hal_msp.o               756
    stm32f1xx_hal_rcc.o             1 302
    stm32f1xx_hal_tim.o             1 034
    stm32f1xx_hal_tim_ex.o             78
    stm32f1xx_hal_timebase_TIM.o      120                64
    stm32f1xx_hal_uart.o              902
    stm32f1xx_it.o                    100
    system_stm32f1xx.o                 92       12        4
    tasks.o                         1 344               300
    -------------------------------------------------------
    Total:                          9 740       48    4 016

command line: [2]
    -------------------------------------------------------
    Total:

dl7M_tlf.a: [3]
    exit.o                              4
    low_level_init.o                    4
    -------------------------------------------------------
    Total:                              8

rt7M_tl.a: [4]
    ABImemcpy.o                       134
    cexit.o                            10
    cmain.o                            30
    copy_init3.o                       44
    cstartup_M.o                       12
    data_init.o                        40
    zero_init3.o                       64
    -------------------------------------------------------
    Total:                            334

shb_l.a: [5]
    exit.o                             20
    -------------------------------------------------------
    Total:                             20

    Gaps                               18
    Linker created                              36    1 024
-----------------------------------------------------------
    Grand Total:                   10 120       84    5 040


*******************************************************************************
*** ENTRY LIST
***

Entry                      Address   Size  Type      Object
-----                      -------   ----  ----      ------
.iar.init_table$$Base   0x08002658          --   Gb  - Linker created -
.iar.init_table$$Limit  0x0800267c          --   Gb  - Linker created -
?main                   0x0800267d         Code  Gb  cmain.o [4]
AHBPrescTable           0x080025b4   0x10  Data  Gb  system_stm32f1xx.o [1]
APBPrescTable           0x08002708    0x8  Data  Gb  system_stm32f1xx.o [1]
BusFault_Handler        0x0800250b    0x2  Code  Gb  stm32f1xx_it.o [1]
CSTACK$$Base            0x20000fb0          --   Gb  - Linker created -
CSTACK$$Limit           0x200013b0          --   Gb  - Linker created -
DMA1_Channel3_IRQHandler
                        0x08002517    0x6  Code  Gb  stm32f1xx_it.o [1]
DMA1_Channel5_IRQHandler
                        0x0800251d    0x6  Code  Gb  stm32f1xx_it.o [1]
DMA1_Channel6_IRQHandler
                        0x08002523    0x6  Code  Gb  stm32f1xx_it.o [1]
DebugMon_Handler        0x0800250f    0x2  Code  Gb  stm32f1xx_it.o [1]
HAL_DMA_Abort_IT        0x08001d37   0xdc  Code  Gb  stm32f1xx_hal_dma.o [1]
HAL_DMA_IRQHandler      0x08001e13  0x1b4  Code  Gb  stm32f1xx_hal_dma.o [1]
HAL_DMA_Init            0x08001cb1   0x78  Code  Gb  stm32f1xx_hal_dma.o [1]
HAL_GPIO_Init           0x08001ad1  0x196  Code  Gb  stm32f1xx_hal_gpio.o [1]
HAL_GPIO_WritePin       0x08001c67    0xc  Code  Gb  stm32f1xx_hal_gpio.o [1]
HAL_GetTick             0x08000fad    0xc  Code  Wk  stm32f1xx_hal.o [1]
HAL_IncTick             0x080024ed   0x10  Code  Wk  stm32f1xx_hal.o [1]
HAL_Init                0x0800200d   0x20  Code  Gb  stm32f1xx_hal.o [1]
HAL_InitTick            0x08000fb9   0x66  Code  Gb  stm32f1xx_hal_timebase_TIM.o [1]
HAL_MspInit             0x08001515   0x90  Code  Gb  stm32f1xx_hal_msp.o [1]
HAL_NVIC_EnableIRQ      0x080010a3    0xa  Code  Gb  stm32f1xx_hal_cortex.o [1]
HAL_NVIC_SetPriority    0x08001069   0x3a  Code  Gb  stm32f1xx_hal_cortex.o [1]
HAL_NVIC_SetPriorityGrouping
                        0x0800104f   0x1a  Code  Gb  stm32f1xx_hal_cortex.o [1]
HAL_RCC_ClockConfig     0x08000db1  0x10c  Code  Gb  stm32f1xx_hal_rcc.o [1]
HAL_RCC_GetClockConfig  0x08000f37   0x36  Code  Gb  stm32f1xx_hal_rcc.o [1]
HAL_RCC_GetHCLKFreq     0x08000f0d    0x6  Code  Gb  stm32f1xx_hal_rcc.o [1]
HAL_RCC_GetPCLK1Freq    0x08000f13   0x10  Code  Gb  stm32f1xx_hal_rcc.o [1]
HAL_RCC_GetPCLK2Freq    0x08000f23    0xe  Code  Gb  stm32f1xx_hal_rcc.o [1]
HAL_RCC_GetSysClockFreq
                        0x08000ed1   0x3c  Code  Gb  stm32f1xx_hal_rcc.o [1]
HAL_RCC_GetSysClockFreq::aPLLMULFactorTable
                        0x08000f98   0x10  Data  Lc  stm32f1xx_hal_rcc.o [1]
HAL_RCC_GetSysClockFreq::aPredivFactorTable
                        0x08000fa8    0x2  Data  Lc  stm32f1xx_hal_rcc.o [1]
HAL_RCC_OscConfig       0x08000a95  0x314  Code  Gb  stm32f1xx_hal_rcc.o [1]
HAL_SYSTICK_CLKSourceConfig
                        0x080010df   0x1a  Code  Gb  stm32f1xx_hal_cortex.o [1]
HAL_SYSTICK_Config      0x080010b7   0x28  Code  Gb  stm32f1xx_hal_cortex.o [1]
HAL_TIMEx_BreakCallback
                        0x08001ac9    0x2  Code  Wk  stm32f1xx_hal_tim_ex.o [1]
HAL_TIMEx_CommutationCallback
                        0x08001acd    0x2  Code  Wk  stm32f1xx_hal_tim_ex.o [1]
HAL_TIMEx_MasterConfigSynchronization
                        0x080024a1   0x4a  Code  Gb  stm32f1xx_hal_tim_ex.o [1]
HAL_TIM_Base_Init       0x08001111   0x1a  Code  Gb  stm32f1xx_hal_tim.o [1]
HAL_TIM_Base_Start_IT   0x0800112b   0x16  Code  Gb  stm32f1xx_hal_tim.o [1]
HAL_TIM_IC_ConfigChannel
                        0x080012c7  0x104  Code  Gb  stm32f1xx_hal_tim.o [1]
HAL_TIM_IC_Init         0x08001155   0x1a  Code  Gb  stm32f1xx_hal_tim.o [1]
HAL_TIM_IC_MspInit      0x080015a5   0x4a  Code  Gb  stm32f1xx_hal_msp.o [1]
HAL_TIM_IRQHandler      0x0800117f  0x142  Code  Gb  stm32f1xx_hal_tim.o [1]
HAL_TIM_PeriodElapsedCallback
                        0x08001a7d    0xe  Code  Gb  main.o [1]
HAL_UART_IRQHandler     0x080020b5  0x152  Code  Gb  stm32f1xx_hal_uart.o [1]
HAL_UART_Init           0x08002031   0x1e  Code  Gb  stm32f1xx_hal_uart.o [1]
HAL_UART_MspInit        0x080015ef  0x160  Code  Gb  stm32f1xx_hal_msp.o [1]
HardFault_Handler       0x08002507    0x2  Code  Gb  stm32f1xx_it.o [1]
MX_TIM2_Init            0x08001a21   0x52  Code  Lc  main.o [1]
MemManage_Handler       0x08002509    0x2  Code  Gb  stm32f1xx_it.o [1]
NMI_Handler             0x08002505    0x2  Code  Gb  stm32f1xx_it.o [1]
NVIC_SetPriority        0x08001031   0x1e  Code  Lc  stm32f1xx_hal_cortex.o [1]
PendSV_Handler          0x08000a0d         Code  Gb  portasm.o [1]
RCC_IRQHandler          0x08002515    0x2  Code  Gb  stm32f1xx_it.o [1]
Region$$Table$$Base     0x08002658          --   Gb  - Linker created -
Region$$Table$$Limit    0x0800267c          --   Gb  - Linker created -
SVC_Handler             0x08000a53         Code  Gb  portasm.o [1]
StartDefaultTask        0x08001a73    0xa  Code  Gb  main.o [1]
SysTick_Handler         0x08002511    0x4  Code  Gb  stm32f1xx_it.o [1]
SystemClock_Config      0x080019af   0x72  Code  Gb  main.o [1]
SystemCoreClock         0x20000018    0x4  Data  Gb  system_stm32f1xx.o [1]
SystemInit              0x08002569   0x3a  Code  Gb  system_stm32f1xx.o [1]
TIM1_UP_IRQHandler      0x08002529    0x6  Code  Gb  stm32f1xx_it.o [1]
TIM_Base_SetConfig      0x080013f9   0x74  Code  Gb  stm32f1xx_hal_tim.o [1]
TIM_TI1_SetConfig       0x0800146d   0x5a  Code  Gb  stm32f1xx_hal_tim.o [1]
TIM_TI2_SetConfig       0x080014dd   0x34  Code  Lc  stm32f1xx_hal_tim.o [1]
UART5_IRQHandler        0x08002541    0x6  Code  Gb  stm32f1xx_it.o [1]
UART_DMAAbortOnError    0x08002225    0xc  Code  Lc  stm32f1xx_hal_uart.o [1]
UART_EndRxTransfer      0x08002207   0x1c  Code  Lc  stm32f1xx_hal_uart.o [1]
UART_Receive_IT         0x08002231   0x96  Code  Lc  stm32f1xx_hal_uart.o [1]
UART_SetConfig          0x080022c7   0xde  Code  Lc  stm32f1xx_hal_uart.o [1]
USART1_IRQHandler       0x0800252f    0x6  Code  Gb  stm32f1xx_it.o [1]
USART2_IRQHandler       0x08002535    0x6  Code  Gb  stm32f1xx_it.o [1]
USART3_IRQHandler       0x0800253b    0x6  Code  Gb  stm32f1xx_it.o [1]
UsageFault_Handler      0x0800250d    0x2  Code  Gb  stm32f1xx_it.o [1]
_Error_Handler          0x08001ab1    0x2  Code  Gb  main.o [1]
__aeabi_memcpy4         0x080023b1         Code  Gb  ABImemcpy.o [4]
__aeabi_memcpy8         0x080023b1         Code  Gb  ABImemcpy.o [4]
__cmain                 0x0800267d         Code  Gb  cmain.o [4]
__exit                  0x080026b1   0x14  Code  Gb  exit.o [5]
__iar_copy_init3        0x08002605   0x2c  Code  Gb  copy_init3.o [4]
__iar_data_init3        0x08002631   0x28  Code  Gb  data_init.o [4]
__iar_program_start     0x080026fd         Code  Gb  cstartup_M.o [4]
__iar_systems$$module {Abs}
                        0x00000001         Data  Gb  command line/config [2]
__iar_zero_init3        0x080025c5   0x40  Code  Gb  zero_init3.o [4]
__low_level_init        0x0800269b    0x4  Code  Gb  low_level_init.o [3]
__vector_table          0x08000000         Data  Gb  startup_stm32f103xe.o [1]
_call_main              0x08002689         Code  Gb  cmain.o [4]
_exit                   0x080026a5         Code  Gb  cexit.o [4]
_main                   0x08002697         Code  Gb  cmain.o [4]
defaultTaskHandle       0x20000d34    0x4  Data  Gb  main.o [1]
exit                    0x0800269f    0x4  Code  Gb  exit.o [3]
hdma_usart1_rx          0x20000e64   0x44  Data  Gb  main.o [1]
hdma_usart2_rx          0x20000ea8   0x44  Data  Gb  main.o [1]
hdma_usart3_rx          0x20000eec   0x44  Data  Gb  main.o [1]
htim1                   0x20000f70   0x40  Data  Gb  stm32f1xx_hal_timebase_TIM.o [1]
htim2                   0x20000f30   0x40  Data  Gb  main.o [1]
huart1                  0x20000c74   0x40  Data  Gb  main.o [1]
huart2                  0x20000cb4   0x40  Data  Gb  main.o [1]
huart3                  0x20000cf4   0x40  Data  Gb  main.o [1]
huart5                  0x20000c34   0x40  Data  Gb  main.o [1]
main                    0x0800180d  0x1a2  Code  Gb  main.o [1]
makeFreeRtosPriority    0x08002439    0xc  Code  Lc  cmsis_os.o [1]
osDelay                 0x0800247d    0xe  Code  Gb  cmsis_os.o [1]
osKernelStart           0x08002445    0xa  Code  Gb  cmsis_os.o [1]
osSystickHandler        0x0800248b   0x14  Code  Gb  cmsis_os.o [1]
osThreadCreate          0x0800244f   0x2e  Code  Gb  cmsis_os.o [1]
prvAddCurrentTaskToDelayedList
                        0x080005f5   0x64  Code  Lc  tasks.o [1]
prvAddNewTaskToReadyList
                        0x08000201   0xa6  Code  Lc  tasks.o [1]
prvDeleteTCB            0x0800055d   0x14  Code  Lc  tasks.o [1]
prvIdleTask             0x080004f5   0x62  Code  Lc  tasks.o [1]
prvInitialiseNewTask    0x08000189   0x78  Code  Lc  tasks.o [1]
prvInsertBlockIntoFreeList
                        0x080007d7   0x46  Code  Lc  heap_4.o [1]
prvResetNextTaskUnblockTime
                        0x08000571   0x1e  Code  Lc  tasks.o [1]
prvTaskExitError        0x080008d5   0x28  Code  Lc  port.o [1]
pvPortMalloc            0x08000671  0x104  Code  Gb  heap_4.o [1]
pxCurrentTCB            0x20000d60    0x4  Data  Gb  tasks.o [1]
pxDelayedTaskList       0x20000d64    0x4  Data  Lc  tasks.o [1]
pxEnd                   0x20000024    0x4  Data  Lc  heap_4.o [1]
pxOverflowDelayedTaskList
                        0x20000d68    0x4  Data  Lc  tasks.o [1]
pxPortInitialiseStack   0x080008b5   0x20  Code  Gb  port.o [1]
pxReadyTasksLists       0x20000dd8   0x8c  Data  Lc  tasks.o [1]
ucHeap                  0x20000034  0xc00  Data  Lc  heap_4.o [1]
ucMaxSysCallPriority    0x20000000    0x1  Data  Lc  port.o [1]
ulMaxPRIGROUPValue      0x20000008    0x4  Data  Lc  port.o [1]
uwTick                  0x20000010    0x4  Data  Gb  stm32f1xx_hal.o [1]
uwTickFreq              0x2000000c    0x1  Data  Gb  stm32f1xx_hal.o [1]
uwTickPrio              0x20000014    0x4  Data  Gb  stm32f1xx_hal.o [1]
uxCriticalNesting       0x20000004    0x4  Data  Lc  port.o [1]
uxCurrentNumberOfTasks  0x20000d84    0x4  Data  Lc  tasks.o [1]
uxDeletedTasksWaitingCleanUp
                        0x20000d6c    0x4  Data  Lc  tasks.o [1]
uxListRemove            0x0800088f   0x24  Code  Gb  list.o [1]
uxPendedTicks           0x20000d94    0x4  Data  Lc  tasks.o [1]
uxSchedulerSuspended    0x20000da8    0x4  Data  Lc  tasks.o [1]
uxTaskNumber            0x20000da0    0x4  Data  Lc  tasks.o [1]
uxTopReadyPriority      0x20000d8c    0x4  Data  Lc  tasks.o [1]
vListInitialise         0x08000825   0x1a  Code  Gb  list.o [1]
vListInitialiseItem     0x0800083f    0x6  Code  Gb  list.o [1]
vListInsert             0x0800085d   0x32  Code  Gb  list.o [1]
vListInsertEnd          0x08000845   0x18  Code  Gb  list.o [1]
vPortEnterCritical      0x08000961   0x32  Code  Gb  port.o [1]
vPortExitCritical       0x08000993   0x22  Code  Gb  port.o [1]
vPortFree               0x08000783   0x46  Code  Gb  heap_4.o [1]
vPortStartFirstTask     0x08000a73         Code  Gb  portasm.o [1]
vTaskDelay              0x080002a7   0x2e  Code  Gb  tasks.o [1]
vTaskStartScheduler     0x080002db   0x54  Code  Gb  tasks.o [1]
vTaskSuspendAll         0x0800032f    0xc  Code  Gb  tasks.o [1]
vTaskSwitchContext      0x0800049d   0x56  Code  Gb  tasks.o [1]
xBlockAllocatedBit      0x20000030    0x4  Data  Lc  heap_4.o [1]
xDelayedTaskList1       0x20000dac   0x14  Data  Lc  tasks.o [1]
xDelayedTaskList2       0x20000dc0   0x14  Data  Lc  tasks.o [1]
xFreeBytesRemaining     0x20000028    0x4  Data  Lc  heap_4.o [1]
xIdleTaskHandle         0x20000dd4    0x4  Data  Lc  tasks.o [1]
xMinimumEverFreeBytesRemaining
                        0x2000002c    0x4  Data  Lc  heap_4.o [1]
xNextTaskUnblockTime    0x20000da4    0x4  Data  Lc  tasks.o [1]
xNumOfOverflows         0x20000d9c    0x4  Data  Lc  tasks.o [1]
xPendingReadyList       0x20000d38   0x14  Data  Lc  tasks.o [1]
xPortStartScheduler     0x080008fd   0x64  Code  Gb  port.o [1]
xPortSysTickHandler     0x080009b5   0x26  Code  Gb  port.o [1]
xSchedulerRunning       0x20000d90    0x4  Data  Lc  tasks.o [1]
xStart                  0x2000001c    0x8  Data  Lc  heap_4.o [1]
xSuspendedTaskList      0x20000d70   0x14  Data  Lc  tasks.o [1]
xTaskCreate             0x08000131   0x58  Code  Gb  tasks.o [1]
xTaskGetSchedulerState  0x0800058f   0x18  Code  Gb  tasks.o [1]
xTaskIncrementTick      0x080003df   0xbe  Code  Gb  tasks.o [1]
xTaskResumeAll          0x0800033b   0x9c  Code  Gb  tasks.o [1]
xTasksWaitingTermination
                        0x20000d4c   0x14  Data  Lc  tasks.o [1]
xTickCount              0x20000d88    0x4  Data  Lc  tasks.o [1]
xYieldPending           0x20000d98    0x4  Data  Lc  tasks.o [1]


[1] = D:\git\smartdesk_kid\firmware\smartdesk_kid\EWARM\smartdesk_kid\Obj
[2] = command line
[3] = dl7M_tlf.a
[4] = rt7M_tl.a
[5] = shb_l.a

  10 120 bytes of readonly  code memory
      84 bytes of readonly  data memory
   5 040 bytes of readwrite data memory

Errors: none
Warnings: none
