<html>
<body>
<pre>
<h1>µVision Build Log</h1>
<h2>Tool Versions:</h2>
IDE-Version: µVision V5.15
Copyright (C) 2015 ARM Ltd and ARM Germany GmbH. All rights reserved.
License Information: thanh le, home, LIC=BUUFW-QJ931-Q0QNJ-U4S25-26WJL-0BQC4
 
Tool Versions:
Toolchain:       MDK-ARM Standard  Version: 5.15.0
Toolchain Path:  C:\Keil_v5\ARM\ARMCC\Bin
C Compiler:      Armcc.exe V5.05 update 2 (build 169)
Assembler:       Armasm.exe V5.05 update 2 (build 169)
Linker/Locator:  ArmLink.exe V5.05 update 2 (build 169)
Library Manager: ArmAr.exe V5.05 update 2 (build 169)
Hex Converter:   FromElf.exe V5.05 update 2 (build 169)
CPU DLL:         SARMCM3.DLL V5.15.0
Dialog DLL:      DCM.DLL V1.13.2.0
Target DLL:      STLink\ST-LINKIII-KEIL_SWO.dll V2.0.15.0_KEIL
Dialog DLL:      TCM.DLL V1.14.5.0
 
<h2>Project:</h2>
E:\git\smart_desk\HardwareV2\Firmware\addonBoard\MainApp\project\mainApp.uvprojx
Project File Date:  11/01/2016

<h2>Output:</h2>
*** Using Compiler 'V5.05 update 2 (build 169)', folder: 'C:\Keil_v5\ARM\ARMCC\Bin'
Rebuild target 'mainApp'
compiling core_cm3.c...
compiling system_stm32f10x.c...
compiling misc.c...
compiling stm32f10x_dma.c...
compiling stm32f10x_exti.c...
compiling stm32f10x_gpio.c...
compiling stm32f10x_iwdg.c...
compiling stm32f10x_rcc.c...
compiling stm32f10x_usart.c...
compiling stm32f10x_flash.c...
compiling stm32f10x_tim.c...
compiling stm32f10x_it.c...
assembling startup_stm32f10x_hd.s...
compiling MyUart.c...
compiling main.c...
compiling Speaker.c...
compiling ButtonLeds.c...
compiling BoxController.c...
compiling AddonBoard.c...
compiling TimHandset.c...
compiling Debug.c...
compiling RPI.c...
compiling JiecangBox.c...
compiling TimBox.c...
compiling MyFlash.c...
compiling eeprom.c...
compiling Timer.c...
compiling AutonomousCommFrame.c...
compiling DataFrame.c...
..\..\..\..\..\..\hal_pic_st_ti\src\DataFrame.c(7): warning:  #68-D: integer conversion resulted in a change of sign
      char res = -1;
..\..\..\..\..\..\hal_pic_st_ti\src\DataFrame.c: 1 warning, 0 errors
linking...
Program Size: Code=17460 RO-data=576 RW-data=300 ZI-data=1484  
FromELF: creating hex file...
".\Objects\mainApp.axf" - 0 Error(s), 1 Warning(s).

<h2>Software Packages used:</h2>

Package Vendor: ARM
                http://www.keil.com/pack/ARM.CMSIS.5.0.0-Beta4.pack
                ARM::CMSIS:CORE:5.0.0
                CMSIS (Cortex Microcontroller Software Interface Standard)
   * Component: CORE Version: 5.0.0
   * Component: DSP Version: 1.4.6

<h2>Collection of Component include folders:</h2>
  E:\git\smart_desk\HardwareV2\Firmware\addonBoard\MainApp\project\RTE
  C:\Keil_v5\ARM\PACK\ARM\CMSIS\5.0.0-Beta4\CMSIS\Include
  C:\Keil_v5\ARM\PACK\Keil\STM32F1xx_DFP\2.1.0\Device\Include

<h2>Collection of Component Files used:</h2>

   * Component: ARM::CMSIS:CORE:5.0.0

   * Component: ARM::CMSIS:DSP:1.4.6
      Include file:  CMSIS\Include\arm_math.h
      Library file:  CMSIS\Lib\ARM\arm_cortexM3l_math.lib
</pre>
</body>
</html>
