###############################################################################
#
# IAR ELF Linker V8.20.1.14183/W32 for ARM                23/Apr/2018  10:58:16
# Copyright 2007-2017 IAR Systems AB.
#
#    Output file  =  
#        D:\git\smartdesk_kid\firmware\old_code\MainApp\projectIAR\Debug\Exe\deskV2.out
#    Map file     =  
#        D:\git\smartdesk_kid\firmware\old_code\MainApp\projectIAR\Debug\List\deskV2.map
#    Command line =  
#        -f C:\Users\QThan\AppData\Local\Temp\EW831E.tmp
#        (D:\git\smartdesk_kid\firmware\old_code\MainApp\projectIAR\Debug\Obj\AddonBoard.o
#        D:\git\smartdesk_kid\firmware\old_code\MainApp\projectIAR\Debug\Obj\AutonomousCommFrame.o
#        D:\git\smartdesk_kid\firmware\old_code\MainApp\projectIAR\Debug\Obj\Bluetooth.o
#        D:\git\smartdesk_kid\firmware\old_code\MainApp\projectIAR\Debug\Obj\BoxController.o
#        D:\git\smartdesk_kid\firmware\old_code\MainApp\projectIAR\Debug\Obj\core_cm3.o
#        D:\git\smartdesk_kid\firmware\old_code\MainApp\projectIAR\Debug\Obj\Debug.o
#        D:\git\smartdesk_kid\firmware\old_code\MainApp\projectIAR\Debug\Obj\eeprom.o
#        D:\git\smartdesk_kid\firmware\old_code\MainApp\projectIAR\Debug\Obj\main.o
#        D:\git\smartdesk_kid\firmware\old_code\MainApp\projectIAR\Debug\Obj\misc.o
#        D:\git\smartdesk_kid\firmware\old_code\MainApp\projectIAR\Debug\Obj\MyFlash.o
#        D:\git\smartdesk_kid\firmware\old_code\MainApp\projectIAR\Debug\Obj\MyUart.o
#        D:\git\smartdesk_kid\firmware\old_code\MainApp\projectIAR\Debug\Obj\startup_stm32f103xe.o
#        D:\git\smartdesk_kid\firmware\old_code\MainApp\projectIAR\Debug\Obj\stm32f10x_dma.o
#        D:\git\smartdesk_kid\firmware\old_code\MainApp\projectIAR\Debug\Obj\stm32f10x_flash.o
#        D:\git\smartdesk_kid\firmware\old_code\MainApp\projectIAR\Debug\Obj\stm32f10x_gpio.o
#        D:\git\smartdesk_kid\firmware\old_code\MainApp\projectIAR\Debug\Obj\stm32f10x_it.o
#        D:\git\smartdesk_kid\firmware\old_code\MainApp\projectIAR\Debug\Obj\stm32f10x_iwdg.o
#        D:\git\smartdesk_kid\firmware\old_code\MainApp\projectIAR\Debug\Obj\stm32f10x_rcc.o
#        D:\git\smartdesk_kid\firmware\old_code\MainApp\projectIAR\Debug\Obj\stm32f10x_tim.o
#        D:\git\smartdesk_kid\firmware\old_code\MainApp\projectIAR\Debug\Obj\stm32f10x_usart.o
#        D:\git\smartdesk_kid\firmware\old_code\MainApp\projectIAR\Debug\Obj\system_stm32f10x.o
#        D:\git\smartdesk_kid\firmware\old_code\MainApp\projectIAR\Debug\Obj\TimBox.o
#        D:\git\smartdesk_kid\firmware\old_code\MainApp\projectIAR\Debug\Obj\TimboxCommFrame.o
#        D:\git\smartdesk_kid\firmware\old_code\MainApp\projectIAR\Debug\Obj\Timer.o
#        D:\git\smartdesk_kid\firmware\old_code\MainApp\projectIAR\Debug\Obj\TimHandset.o
#        --redirect _Printf=_PrintfFull --redirect _Scanf=_ScanfFull -o
#        D:\git\smartdesk_kid\firmware\old_code\MainApp\projectIAR\Debug\Exe\deskV2.out
#        --map
#        D:\git\smartdesk_kid\firmware\old_code\MainApp\projectIAR\Debug\List\deskV2.map
#        --config "C:\Program Files (x86)\IAR Systems\Embedded Workbench
#        8.0\arm\config\linker\ST\stm32f103xC.icf" --semihosting --entry
#        __iar_program_start --redirect __iar_sh_stdout=__iar_sh_stdout_swo
#        --inline --no_exceptions --merge_duplicate_sections --vfe --text_out
#        locale)
#
###############################################################################

*******************************************************************************
*** RUNTIME MODEL ATTRIBUTES
***

CppFlavor       = *
__SystemLibrary = DLib
__dlib_version  = 6


*******************************************************************************
*** HEAP SELECTION
***

The basic heap was selected because no calls to memory allocation
functions were found in the application outside of system library
functions, and there are calls to deallocation functions in the
application.


*******************************************************************************
*** PLACEMENT SUMMARY
***

"A0":  place at 0x08000000 { ro section .intvec };
"P1":  place in [from 0x08000000 to 0x0803ffff] { ro };
define block CSTACK with size = 4K, alignment = 8 { };
define block HEAP with size = 4K, alignment = 8 { };
"P2":  place in [from 0x20000000 to 0x2000bfff] {
          rw, block CSTACK, block HEAP };
initialize by copy { rw };

  Section            Kind        Address    Size  Object
  -------            ----        -------    ----  ------
"A0":                                      0x130
  .intvec            ro code  0x08000000   0x130  startup_stm32f103xe.o [1]
                            - 0x08000130   0x130

"P1":                                     0x6aca
  .text              ro code  0x08000130  0x2278  TimBox.o [1]
  .text              ro code  0x080023a8    0x1c  MyFlash.o [1]
  .text              ro code  0x080023c4   0x284  stm32f10x_rcc.o [1]
  .text              ro code  0x08002648    0xd8  stm32f10x_gpio.o [1]
  .text              ro code  0x08002720   0x614  MyUart.o [1]
  .text              ro code  0x08002d34    0x28  printf.o [3]
  .text              ro code  0x08002d5c   0x3a4  TimHandset.o [1]
  .text              ro code  0x08003100    0xa6  ABImemcpy.o [5]
  .text              ro code  0x080031a6    0x7a  lz77_init_single.o [5]
  .text              ro code  0x08003220    0x66  ABImemset.o [5]
  .text              ro code  0x08003286    0x1e  xencoding_8859_1.o [3]
  .text              ro code  0x080032a4   0x122  stm32f10x_flash.o [1]
  .rodata            const    0x080033c6     0x2  TimBox.o [1]
  .text              ro code  0x080033c8   0x3a8  eeprom.o [1]
  .text              ro code  0x08003770   0x264  stm32f10x_usart.o [1]
  .text              ro code  0x080039d4   0x1ec  stm32f10x_dma.o [1]
  .text              ro code  0x08003bc0    0x80  misc.o [1]
  .text              ro code  0x08003c40   0xf4e  xprintffull.o [3]
  .rodata            const    0x08004b8e     0x2  TimBox.o [1]
  .text              ro code  0x08004b90    0x78  xlocale_c.o [3]
  .text              ro code  0x08004c08    0x16  strchr.o [5]
  .text              ro code  0x08004c20    0x44  xfail_s.o [3]
  .text              ro code  0x08004c64    0x36  strlen.o [5]
  .text              ro code  0x08004c9c    0x58  memchr.o [5]
  .text              ro code  0x08004cf4     0xa  xmbcurmax.o [3]
  .text              ro code  0x08004d00   0x22e  I64DivMod.o [5]
  .text              ro code  0x08004f30   0x1a2  DblMul.o [4]
  .text              ro code  0x080050d4    0x70  frexp.o [4]
  .text              ro code  0x08005144    0x2e  DblCmpLe.o [4]
  .text              ro code  0x08005174    0x2e  DblCmpGe.o [4]
  .text              ro code  0x080051a4   0x13a  ldexp.o [4]
  .text              ro code  0x080052e0    0x3a  DblToS32.o [4]
  .text              ro code  0x0800531c    0x22  S32ToDbl.o [4]
  .text              ro code  0x08005340    0xe2  DblSub.o [4]
  .text              ro code  0x08005424   0x246  DblDiv.o [4]
  .text              ro code  0x0800566c    0x28  DblToU32.o [4]
  .text              ro code  0x08005694    0x1a  U32ToDbl.o [4]
  .text              ro code  0x080056ae     0x6  abort.o [3]
  .text              ro code  0x080056b4     0x2  I64DivZer.o [5]
  .text              ro code  0x080056b8   0x168  DblAdd.o [4]
  .text              ro code  0x08005820    0x14  exit.o [6]
  .text              ro code  0x08005834   0x5ac  Bluetooth.o [1]
  .text              ro code  0x08005de0   0x158  BoxController.o [1]
  .text              ro code  0x08005f38   0x1b8  AddonBoard.o [1]
  .text              ro code  0x080060f0    0x94  Debug.o [1]
  .text              ro code  0x08006184    0x20  stm32f10x_iwdg.o [1]
  .text              ro code  0x080061a4   0x11c  stm32f10x_tim.o [1]
  .text              ro code  0x080062c0    0x28  strncmp.o [3]
  .text              ro code  0x080062e8   0x1b0  stm32f10x_it.o [1]
  .text              ro code  0x08006498   0x1ae  AutonomousCommFrame.o [1]
  .text              ro code  0x08006648   0x158  system_stm32f10x.o [1]
  .text              ro code  0x080067a0    0x68  TimboxCommFrame.o [1]
  .rodata            const    0x08006808    0x58  Bluetooth.o [1]
  .rodata            const    0x08006860    0x40  Bluetooth.o [1]
  .text              ro code  0x080068a0    0x40  zero_init3.o [5]
  .rodata            const    0x080068e0    0x28  TimBox.o [1]
  .rodata            const    0x08006908    0x28  TimBox.o [1]
  .text              ro code  0x08006930    0x28  data_init.o [5]
  .iar.init_table    const    0x08006958    0x20  - Linker created -
  .text              ro code  0x08006978    0x1e  cmain.o [5]
  .text              ro code  0x08006998    0x14  main.o [1]
  .text              ro code  0x080069ac     0x4  exit.o [3]
  .text              ro code  0x080069b0     0xa  cexit.o [5]
  .rodata            const    0x080069bc    0x1c  Debug.o [1]
  .text              ro code  0x080069d8    0x16  xprout.o [3]
  .text              ro code  0x080069f0     0xc  putchar.o [3]
  .rodata            const    0x080069fc    0x14  AddonBoard.o [1]
  .rodata            const    0x08006a10    0x14  AutonomousCommFrame.o [1]
  .rodata            const    0x08006a24    0x14  Debug.o [1]
  .text              ro code  0x08006a38    0x10  startup_stm32f103xe.o [1]
  .rodata            const    0x08006a48     0xc  Bluetooth.o [1]
  .rodata            const    0x08006a54     0xc  TimBox.o [1]
  .text              ro code  0x08006a60     0xc  cstartup_M.o [5]
  .rodata            const    0x08006a6c     0x8  AutonomousCommFrame.o [1]
  .rodata            const    0x08006a74     0x8  Bluetooth.o [1]
  .rodata            const    0x08006a7c     0x8  Debug.o [1]
  .rodata            const    0x08006a84     0x8  TimBox.o [1]
  .rodata            const    0x08006a8c     0x8  TimBox.o [1]
  .rodata            const    0x08006a94     0x8  TimBox.o [1]
  .rodata            const    0x08006a9c     0x8  TimBox.o [1]
  .rodata            const    0x08006aa4     0x8  TimBox.o [1]
  .rodata            const    0x08006aac     0x8  TimBox.o [1]
  .rodata            const    0x08006ab4     0x8  TimBox.o [1]
  .rodata            const    0x08006abc     0x8  TimBox.o [1]
  .rodata            const    0x08006ac4     0x8  TimBox.o [1]
  .rodata            const    0x08006acc     0x8  TimBox.o [1]
  .rodata            const    0x08006ad4     0x6  xlocale_c.o [3]
  .rodata            const    0x08006adc     0x4  Bluetooth.o [1]
  .text              ro code  0x08006ae0     0x4  startup_stm32f103xe.o [1]
  .rodata            const    0x08006ae4     0x0  zero_init3.o [5]
  .rodata            const    0x08006ae4     0x0  lz77_init_single.o [5]
  Initializer bytes  const    0x08006ae4   0x116  <for P2-1>
                            - 0x08006bfa  0x6aca

"P2", part 1 of 3:                         0x1ed
  P2-1                        0x20000000   0x1ed  <Init block>
    .data            inited   0x20000000    0x20  AddonBoard.o [1]
    .data            inited   0x20000020    0x20  Bluetooth.o [1]
    .data            inited   0x20000040    0x20  Bluetooth.o [1]
    .data            inited   0x20000060    0x14  Bluetooth.o [1]
    .data            inited   0x20000074     0xc  main.o [1]
    .data            inited   0x20000080    0x20  stm32f10x_it.o [1]
    .data            inited   0x200000a0     0xc  stm32f10x_it.o [1]
    .data            inited   0x200000ac    0x10  stm32f10x_rcc.o [1]
    .data            inited   0x200000bc     0x4  stm32f10x_rcc.o [1]
    .data            inited   0x200000c0     0x4  system_stm32f10x.o [1]
    .data            inited   0x200000c4    0x14  TimBox.o [1]
    .data            inited   0x200000d8    0x18  TimBox.o [1]
    .data            inited   0x200000f0     0x8  TimBox.o [1]
    .data            inited   0x200000f8    0x18  TimBox.o [1]
    .data            inited   0x20000110     0x8  TimHandset.o [1]
    .data            inited   0x20000118    0x38  xlocale_c.o [3]
    .data            inited   0x20000150    0x48  xlocale_c.o [3]
    .data            inited   0x20000198    0x48  xfiles.o [3]
    .data            inited   0x200001e0     0x2  TimBox.o [1]
    .data            inited   0x200001e2     0x2  TimBox.o [1]
    .data            inited   0x200001e4     0x2  TimBox.o [1]
    .data            inited   0x200001e6     0x2  TimBox.o [1]
    .data            inited   0x200001e8     0x1  TimBox.o [1]
    .data            inited   0x200001e9     0x1  TimHandset.o [1]
    .data            inited   0x200001ea     0x1  TimHandset.o [1]
    .data            inited   0x200001eb     0x1  TimHandset.o [1]
    .data            inited   0x200001ec     0x1  TimHandset.o [1]
                            - 0x200001ed   0x1ed

"P2", part 2 of 3:                         0x1c8
  .bss               zero     0x200001f0    0x78  Bluetooth.o [1]
  .bss               zero     0x20000268    0x50  xfiles.o [3]
  .bss               zero     0x200002b8    0x38  Debug.o [1]
  .bss               zero     0x200002f0    0x20  Debug.o [1]
  .bss               zero     0x20000310    0x20  TimBox.o [1]
  .bss               zero     0x20000330    0x1c  TimHandset.o [1]
  .bss               zero     0x2000034c     0xc  Bluetooth.o [1]
  .bss               zero     0x20000358     0xc  Bluetooth.o [1]
  .bss               zero     0x20000364     0xc  Bluetooth.o [1]
  .bss               zero     0x20000370     0xc  TimBox.o [1]
  .bss               zero     0x2000037c     0x8  TimBox.o [1]
  .bss               zero     0x20000384     0x8  TimBox.o [1]
  .bss               zero     0x2000038c     0x8  TimHandset.o [1]
  .bss               zero     0x20000394     0x4  Bluetooth.o [1]
  .bss               zero     0x20000398     0x4  xfail_s.o [3]
  .bss               zero     0x2000039c     0x2  eeprom.o [1]
  .bss               zero     0x2000039e     0x2  TimBox.o [1]
  .bss               zero     0x200003a0     0x2  TimBox.o [1]
  .bss               zero     0x200003a2     0x2  TimBox.o [1]
  .bss               zero     0x200003a4     0x2  TimBox.o [1]
  .bss               zero     0x200003a6     0x1  Bluetooth.o [1]
  .bss               zero     0x200003a7     0x1  Bluetooth.o [1]
  .bss               zero     0x200003a8     0x1  BoxController.o [1]
  .bss               zero     0x200003a9     0x1  TimBox.o [1]
  .bss               zero     0x200003aa     0x1  TimBox.o [1]
  .bss               zero     0x200003ab     0x1  TimBox.o [1]
  .bss               zero     0x200003ac     0x1  TimBox.o [1]
  .bss               zero     0x200003ad     0x1  TimBox.o [1]
  .bss               zero     0x200003ae     0x1  TimBox.o [1]
  .bss               zero     0x200003af     0x1  TimBox.o [1]
  .bss               zero     0x200003b0     0x1  TimBox.o [1]
  .bss               zero     0x200003b1     0x1  TimBox.o [1]
  .bss               zero     0x200003b2     0x1  TimBox.o [1]
  .bss               zero     0x200003b3     0x1  TimBox.o [1]
  .bss               zero     0x200003b4     0x1  TimHandset.o [1]
  .bss               zero     0x200003b5     0x1  TimHandset.o [1]
                            - 0x200003b6   0x1c6

"P2", part 3 of 3:                        0x1000
  CSTACK                      0x200003b8  0x1000  <Block>
    CSTACK           uninit   0x200003b8  0x1000  <Block tail>
                            - 0x200013b8  0x1000


*******************************************************************************
*** INIT TABLE
***

          Address     Size
          -------     ----
Zero (__iar_zero_init3)
    1 destination range, total size 0x1c6:
          0x200001f0  0x1c6

Copy/lz77 (__iar_lz77_init_single3)
    1 source range, total size 0x116 (56% of destination):
          0x08006ae4  0x116
    1 destination range, total size 0x1ed:
          0x20000000  0x1ed



*******************************************************************************
*** MODULE SUMMARY
***

    Module                 ro code  ro data  rw data
    ------                 -------  -------  -------
D:\git\smartdesk_kid\firmware\old_code\MainApp\projectIAR\Debug\Obj: [1]
    AddonBoard.o               440       38       32
    AutonomousCommFrame.o      430       28
    Bluetooth.o              1 452      223      246
    BoxController.o            344                 1
    Debug.o                    148       56       88
    MyFlash.o                   28
    MyUart.o                 1 556
    TimBox.o                 8 824      224      164
    TimHandset.o               932        7       50
    TimboxCommFrame.o          104
    eeprom.o                   936                 2
    main.o                      20        7       12
    misc.o                     128
    startup_stm32f103xe.o      324
    stm32f10x_dma.o            492
    stm32f10x_flash.o          290
    stm32f10x_gpio.o           216
    stm32f10x_it.o             432       24       44
    stm32f10x_iwdg.o            32
    stm32f10x_rcc.o            644       12       20
    stm32f10x_tim.o            284
    stm32f10x_usart.o          612
    system_stm32f10x.o         344        2        4
    ------------------------------------------------
    Total:                  19 012      621      663

command line: [2]
    ------------------------------------------------
    Total:

dl7M_tlf.a: [3]
    abort.o                      6
    exit.o                       4
    printf.o                    40
    putchar.o                   12
    strncmp.o                   40
    xencoding_8859_1.o          30
    xfail_s.o                   68                 4
    xfiles.o                             40      152
    xlocale_c.o                120       79      128
    xmbcurmax.o                 10
    xprintffull.o            3 918
    xprout.o                    22
    ------------------------------------------------
    Total:                   4 270      119      284

m7M_tl.a: [4]
    DblAdd.o                   360
    DblCmpGe.o                  46
    DblCmpLe.o                  46
    DblDiv.o                   582
    DblMul.o                   418
    DblSub.o                   226
    DblToS32.o                  58
    DblToU32.o                  40
    S32ToDbl.o                  34
    U32ToDbl.o                  26
    frexp.o                    112
    ldexp.o                    314
    ------------------------------------------------
    Total:                   2 262

rt7M_tl.a: [5]
    ABImemcpy.o                166
    ABImemset.o                102
    I64DivMod.o                558
    I64DivZer.o                  2
    cexit.o                     10
    cmain.o                     30
    cstartup_M.o                12
    data_init.o                 40
    lz77_init_single.o         122
    memchr.o                    88
    strchr.o                    22
    strlen.o                    54
    zero_init3.o                64
    ------------------------------------------------
    Total:                   1 270

shb_l.a: [6]
    exit.o                      20
    ------------------------------------------------
    Total:                      20

    Gaps                        32        4
    Linker created                       32    4 096
----------------------------------------------------
    Grand Total:            26 866      776    5 043


*******************************************************************************
*** ENTRY LIST
***

Entry                      Address    Size  Type      Object
-----                      -------    ----  ----      ------
.iar.init_table$$Base   0x08006958           --   Gb  - Linker created -
.iar.init_table$$Limit  0x08006978           --   Gb  - Linker created -
?main                   0x08006979          Code  Gb  cmain.o [5]
ADCPrescTable           0x200000bc     0x4  Data  Lc  stm32f10x_rcc.o [1]
ADDON_BOARD_Init        0x08005f89   0x122  Code  Gb  AddonBoard.o [1]
ADDON_BOARD_Run         0x080060d9     0x8  Code  Gb  AddonBoard.o [1]
ADDON_BOARD_Update      0x080060e1    0x10  Code  Gb  AddonBoard.o [1]
APBAHBPrescTable        0x200000ac    0x10  Data  Lc  stm32f10x_rcc.o [1]
AddonBoard              0x20000074     0xc  Data  Lc  main.o [1]
AddonBoard              0x200000a0     0xc  Data  Lc  stm32f10x_it.o [1]
AutonomousCommFrameCmd  0x20000020    0x20  Data  Lc  Bluetooth.o [1]
AutonomousCommFrame_Array2Struct
                        0x08006537    0x3e  Code  Gb  AutonomousCommFrame.o [1]
AutonomousCommFrame_GetParamsFromArray
                        0x08006623    0x12  Code  Gb  AutonomousCommFrame.o [1]
AutonomousCommFrame_GetParamsFromStruct
                        0x08006611    0x12  Code  Gb  AutonomousCommFrame.o [1]
AutonomousCommFrame_GetStructLength
                        0x08006499     0x4  Code  Gb  AutonomousCommFrame.o [1]
AutonomousCommFrame_IsValidPacket
                        0x08006575    0x94  Code  Gb  AutonomousCommFrame.o [1]
AutonomousCommFrame_SetParamsToStruct
                        0x08006635    0x12  Code  Gb  AutonomousCommFrame.o [1]
AutonomousCommFrame_Struct2Array
                        0x080064dd    0x5a  Code  Gb  AutonomousCommFrame.o [1]
AutonomousCommFrame_UpdateStructChecksum
                        0x0800649d    0x40  Code  Gb  AutonomousCommFrame.o [1]
AutonomousFrame         0x08006a6c     0x8  Data  Lc  AutonomousCommFrame.o [1]
BOX_CONTROLLER_Init     0x08005de1    0x1c  Code  Gb  BoxController.o [1]
BOX_CONTROLLER_Run      0x08005e11    0x12  Code  Gb  BoxController.o [1]
BOX_CONTROLLER_SetHeight
                        0x08005f15    0x1a  Code  Gb  BoxController.o [1]
BOX_CONTROLLER_SetState
                        0x08005e23    0xf2  Code  Gb  BoxController.o [1]
BOX_CONTROLLER_Update   0x08005dfd    0x14  Code  Gb  BoxController.o [1]
BusFault_Handler        0x08006319     0x2  Code  Gb  stm32f10x_it.o [1]
CSTACK$$Base            0x200003b8           --   Gb  - Linker created -
CSTACK$$Limit           0x200013b8           --   Gb  - Linker created -
CacheMore               0x08004b95    0x24  Code  Lc  xlocale_c.o [3]
ComponentId             0x08006a48     0xc  Data  Lc  Bluetooth.o [1]
ControlTableAddress     0x08006860    0x40  Data  Lc  Bluetooth.o [1]
DEBUG_Init              0x0800610f    0x32  Code  Gb  Debug.o [1]
DEBUG_LfFcn             0x08006101     0xe  Code  Gb  Debug.o [1]
DEBUG_RX_Handles        0x200002b8    0x38  Data  Gb  Debug.o [1]
DEBUG_UartFullFcn       0x080060f1    0x10  Code  Gb  Debug.o [1]
DEBUG_Update            0x08006141    0x28  Code  Gb  Debug.o [1]
DMA1_Channel2_IRQHandler
                        0x080063d1    0x10  Code  Gb  stm32f10x_it.o [1]
DMA1_Channel3_IRQHandler
                        0x0800633d    0x44  Code  Gb  stm32f10x_it.o [1]
DMA1_Channel5_IRQHandler
                        0x08006381    0x1c  Code  Gb  stm32f10x_it.o [1]
DMA1_Channel6_IRQHandler
                        0x0800639d    0x34  Code  Gb  stm32f10x_it.o [1]
DMA2_Channel3_IRQHandler
                        0x080063e1    0x10  Code  Gb  stm32f10x_it.o [1]
DMA_ClearITPendingBit   0x08003b6f    0x10  Code  Gb  stm32f10x_dma.o [1]
DMA_Cmd                 0x08003b1b    0x1c  Code  Gb  stm32f10x_dma.o [1]
DMA_DeInit              0x080039d5   0x10a  Code  Gb  stm32f10x_dma.o [1]
DMA_FLAG                0x200003ae     0x1  Data  Gb  TimBox.o [1]
DMA_GetITStatus         0x08003b4f    0x20  Code  Gb  stm32f10x_dma.o [1]
DMA_ITConfig            0x08003b37    0x18  Code  Gb  stm32f10x_dma.o [1]
DMA_Init                0x08003adf    0x3c  Code  Gb  stm32f10x_dma.o [1]
DataVar                 0x2000039c     0x2  Data  Gb  eeprom.o [1]
DebugMon_Handler        0x0800631f     0x2  Code  Gb  stm32f10x_it.o [1]
EE_FindValidPage        0x08003677    0x66  Code  Lc  eeprom.o [1]
EE_Format               0x08003647    0x30  Code  Lc  eeprom.o [1]
EE_Init                 0x080033c9   0x220  Code  Gb  eeprom.o [1]
EE_ReadVariable         0x080035e9    0x5e  Code  Gb  eeprom.o [1]
EE_VerifyPageFullWriteVariable
                        0x080036dd    0x72  Code  Lc  eeprom.o [1]
EXTI0_IRQHandler        0x08006325     0x2  Code  Gb  stm32f10x_it.o [1]
FLASH_ErasePage         0x080032bb    0x58  Code  Gb  stm32f10x_flash.o [1]
FLASH_GetBank1Status    0x08003359    0x2c  Code  Gb  stm32f10x_flash.o [1]
FLASH_ProgramHalfWord   0x08003313    0x46  Code  Gb  stm32f10x_flash.o [1]
FLASH_Unlock            0x080032a5    0x16  Code  Gb  stm32f10x_flash.o [1]
FLASH_WaitForLastOperation
                        0x080033a1    0x26  Code  Gb  stm32f10x_flash.o [1]
GPIO_Init               0x08002649    0xc4  Code  Gb  stm32f10x_gpio.o [1]
GPIO_ReadInputDataBit   0x0800270d    0x14  Code  Gb  stm32f10x_gpio.o [1]
GetHeightFromLongBuffer
                        0x080001a7    0x88  Code  Lc  TimBox.o [1]
HANDSET_DMA_FLAG        0x200003b5     0x1  Data  Lc  TimHandset.o [1]
HardFault_Handler       0x08006315     0x2  Code  Gb  stm32f10x_it.o [1]
IWDG_Enable             0x08006197     0xa  Code  Gb  stm32f10x_iwdg.o [1]
IWDG_ReloadCounter      0x0800618d     0xa  Code  Gb  stm32f10x_iwdg.o [1]
IWDG_WriteAccessCmd     0x08006185     0x8  Code  Gb  stm32f10x_iwdg.o [1]
Instructions            0x08006adc     0x4  Data  Lc  Bluetooth.o [1]
LoadInt                 0x08003e0f    0x7a  Code  Lc  xprintffull.o [3]
MY_FLASH_Init           0x080023a9     0xc  Code  Gb  MyFlash.o [1]
MY_FLASH_Read           0x080023b5    0x10  Code  Gb  MyFlash.o [1]
MemManage_Handler       0x08006317     0x2  Code  Gb  stm32f10x_it.o [1]
NMI_Handler             0x080062e9    0x2c  Code  Gb  stm32f10x_it.o [1]
NVIC_Init               0x08003bcb    0x60  Code  Gb  misc.o [1]
NVIC_PriorityGroupConfig
                        0x08003bc1     0xa  Code  Gb  misc.o [1]
NVIC_SetPriority        0x08005f39    0x22  Code  Lc  AddonBoard.o [1]
PendSV_Handler          0x08006321     0x2  Code  Gb  stm32f10x_it.o [1]
ProductId               0x08006a74     0x8  Data  Lc  Bluetooth.o [1]
RCC_AHBPeriphClockCmd   0x0800250d    0x20  Code  Gb  stm32f10x_rcc.o [1]
RCC_APB1PeriphClockCmd  0x0800254d    0x20  Code  Gb  stm32f10x_rcc.o [1]
RCC_APB1PeriphResetCmd  0x0800258d    0x20  Code  Gb  stm32f10x_rcc.o [1]
RCC_APB2PeriphClockCmd  0x0800252d    0x20  Code  Gb  stm32f10x_rcc.o [1]
RCC_APB2PeriphResetCmd  0x0800256d    0x20  Code  Gb  stm32f10x_rcc.o [1]
RCC_ClearITPendingBit   0x080025ff     0x6  Code  Gb  stm32f10x_rcc.o [1]
RCC_GetClocksFreq       0x08002453    0xba  Code  Gb  stm32f10x_rcc.o [1]
RCC_GetFlagStatus       0x080025ad    0x3c  Code  Gb  stm32f10x_rcc.o [1]
RCC_GetITStatus         0x080025e9    0x16  Code  Gb  stm32f10x_rcc.o [1]
RCC_HSEConfig           0x080023c5    0x54  Code  Gb  stm32f10x_rcc.o [1]
RCC_IRQHandler          0x080063f1    0x44  Code  Gb  stm32f10x_it.o [1]
RCC_ITConfig            0x08002433    0x20  Code  Gb  stm32f10x_rcc.o [1]
RCC_PLLCmd              0x08002419     0x8  Code  Gb  stm32f10x_rcc.o [1]
RCC_SYSCLKConfig        0x08002421    0x12  Code  Gb  stm32f10x_rcc.o [1]
RPI_ConnectStatus       0x08005c03     0xc  Code  Gb  Bluetooth.o [1]
RPI_DMA_FLAG            0x200003a6     0x1  Data  Lc  Bluetooth.o [1]
RPI_DmaCallback         0x08005c0f    0xe6  Code  Gb  Bluetooth.o [1]
RPI_GetInfoFromPackage  0x08005849   0x25c  Code  Lc  Bluetooth.o [1]
RPI_Init                0x08005aa5    0xc8  Code  Gb  Bluetooth.o [1]
RPI_PutBytes            0x08005835    0x14  Code  Lc  Bluetooth.o [1]
RPI_Run                 0x08005c01     0x2  Code  Gb  Bluetooth.o [1]
RPI_SendControllerStatus
                        0x08005d69    0x38  Code  Gb  Bluetooth.o [1]
RPI_SendMicTrigger      0x08005d2f    0x3a  Code  Gb  Bluetooth.o [1]
RPI_Update              0x08005b6d    0x94  Code  Gb  Bluetooth.o [1]
RPI_UpdateCurrentHeight
                        0x08005cf5    0x3a  Code  Gb  Bluetooth.o [1]
Region$$Table$$Base     0x08006958           --   Gb  - Linker created -
Region$$Table$$Limit    0x08006978           --   Gb  - Linker created -
RpiCmds                 0x20000000    0x20  Data  Lc  AddonBoard.o [1]
RpiCmds                 0x20000040    0x20  Data  Lc  Bluetooth.o [1]
RpiCmds                 0x20000080    0x20  Data  Lc  stm32f10x_it.o [1]
RpiHandles              0x20000060    0x14  Data  Lc  Bluetooth.o [1]
SVC_Handler             0x0800631d     0x2  Code  Gb  stm32f10x_it.o [1]
SetSysClock             0x0800669d     0x8  Code  Lc  system_stm32f10x.o [1]
SetSysClockTo72         0x080066a5    0xe0  Code  Lc  system_stm32f10x.o [1]
SysTick_Config          0x08005f5b    0x2e  Code  Lc  AddonBoard.o [1]
SysTick_Handler         0x08006323     0x2  Code  Gb  stm32f10x_it.o [1]
SystemCoreClock         0x200000c0     0x4  Data  Gb  system_stm32f10x.o [1]
SystemInit              0x08006649    0x54  Code  Gb  system_stm32f10x.o [1]
TIM6_IRQHandler         0x08006435    0x1e  Code  Gb  stm32f10x_it.o [1]
TIM7_IRQHandler         0x08006453    0x24  Code  Gb  stm32f10x_it.o [1]
TIMBOX_GetPacketStatus  0x08002335     0x6  Code  Gb  TimBox.o [1]
TIMOTION_DmaCallback    0x08002107    0xee  Code  Gb  TimBox.o [1]
TIM_BOX_DownApi         0x08002201     0xc  Code  Gb  TimBox.o [1]
TIM_BOX_GetControllerState
                        0x0800232f     0x6  Code  Gb  TimBox.o [1]
TIM_BOX_GetCurState     0x080020ed     0x8  Code  Gb  TimBox.o [1]
TIM_BOX_GetDetectStatus
                        0x080020a5     0x4  Code  Gb  TimBox.o [1]
TIM_BOX_GetHeight       0x080020db     0x8  Code  Gb  TimBox.o [1]
TIM_BOX_GetPreState     0x080020f5     0x8  Code  Gb  TimBox.o [1]
TIM_BOX_Init            0x0800022f    0xbe  Code  Gb  TimBox.o [1]
TIM_BOX_MovePos1Api     0x08002231     0xc  Code  Gb  TimBox.o [1]
TIM_BOX_MovePos2Api     0x0800223d     0xc  Code  Gb  TimBox.o [1]
TIM_BOX_MovePos3Api     0x08002249     0xc  Code  Gb  TimBox.o [1]
TIM_BOX_MovePos4Api     0x08002255     0xc  Code  Gb  TimBox.o [1]
TIM_BOX_PutBytes        0x08002091    0x14  Code  Gb  TimBox.o [1]
TIM_BOX_ReadSitPosHeight
                        0x08002317     0xc  Code  Gb  TimBox.o [1]
TIM_BOX_ReadStandPosHeight
                        0x08002323     0xc  Code  Gb  TimBox.o [1]
TIM_BOX_ResetApi        0x08002225     0xc  Code  Gb  TimBox.o [1]
TIM_BOX_Run             0x08000411  0x1c80  Code  Gb  TimBox.o [1]
TIM_BOX_SaveApi         0x08002261     0xc  Code  Gb  TimBox.o [1]
TIM_BOX_SetHeight       0x080020ad    0x2e  Code  Gb  TimBox.o [1]
TIM_BOX_SetMode         0x080020fd     0xa  Code  Gb  TimBox.o [1]
TIM_BOX_SetState        0x080020e3     0xa  Code  Gb  TimBox.o [1]
TIM_BOX_SleepOff        0x0800230b     0xc  Code  Gb  TimBox.o [1]
TIM_BOX_SleepOn         0x080022ff     0xc  Code  Gb  TimBox.o [1]
TIM_BOX_StopApi         0x08002219     0xc  Code  Gb  TimBox.o [1]
TIM_BOX_UpApi           0x080021f5     0xc  Code  Gb  TimBox.o [1]
TIM_BOX_Update          0x080002ed    0xb2  Code  Gb  TimBox.o [1]
TIM_BOX_checkHeightCallback
                        0x08002275    0x8a  Code  Gb  TimBox.o [1]
TIM_ClearITPendingBit   0x0800628f     0x8  Code  Gb  stm32f10x_tim.o [1]
TIM_Cmd                 0x08006237    0x1c  Code  Gb  stm32f10x_tim.o [1]
TIM_GetITStatus         0x0800626b    0x24  Code  Gb  stm32f10x_tim.o [1]
TIM_HANDSET_DisplayHeight
                        0x08003003    0x2a  Code  Gb  TimHandset.o [1]
TIM_HANDSET_DmaCallback
                        0x08003077     0xe  Code  Gb  TimHandset.o [1]
TIM_HANDSET_GetCommandFromDataPackage
                        0x08003035    0x42  Code  Gb  TimHandset.o [1]
TIM_HANDSET_Init        0x08002d71    0x36  Code  Gb  TimHandset.o [1]
TIM_HANDSET_Run         0x0800302d     0x2  Code  Gb  TimHandset.o [1]
TIM_HANDSET_Update      0x08002da7   0x25c  Code  Gb  TimHandset.o [1]
TIM_HANDSET_putBytes    0x08002d5d    0x14  Code  Gb  TimHandset.o [1]
TIM_HANDSET_rxCpy       0x08003085    0x4e  Code  Gb  TimHandset.o [1]
TIM_HS_GetDisplayPrio   0x0800302f     0x6  Code  Gb  TimHandset.o [1]
TIM_ITConfig            0x08006253    0x18  Code  Gb  stm32f10x_tim.o [1]
TIM_TimeBaseInit        0x080061a5    0x92  Code  Gb  stm32f10x_tim.o [1]
TimBoxCmd               0x08006808    0x58  Data  Lc  Bluetooth.o [1]
TimCommFrameCmd         0x200000d8    0x18  Data  Lc  TimBox.o [1]
TimHandset              0x200000c4    0x14  Data  Lc  TimBox.o [1]
TimboxFrameHeader       0x08006a84     0x8  Data  Lc  TimBox.o [1]
TimboxHandles           0x200000f8    0x18  Data  Lc  TimBox.o [1]
UART5_IRQHandler        0x08006327    0x16  Code  Gb  stm32f10x_it.o [1]
UART5_defaultInit       0x08002ceb    0x1c  Code  Gb  MyUart.o [1]
UART5_enableRxInt       0x08002cb5    0x10  Code  Gb  MyUart.o [1]
UART5_init              0x08002c9d     0xc  Code  Gb  MyUart.o [1]
UART5_setPriority       0x08002cc5    0x26  Code  Gb  MyUart.o [1]
UART5_start             0x08002ca9     0xc  Code  Gb  MyUart.o [1]
UARTx_ClearRxBuffer     0x08002721    0x2e  Code  Gb  MyUart.o [1]
UARTx_Init              0x0800274f   0x29e  Code  Gb  MyUart.o [1]
UARTx_PutBytesDMA       0x08002aff    0xa4  Code  Gb  MyUart.o [1]
UARTx_RxDmaInit         0x080029ed    0xac  Code  Gb  MyUart.o [1]
UARTx_SetRxDmaIntPriority
                        0x08002ba3    0xb2  Code  Gb  MyUart.o [1]
UARTx_Start             0x08002a99    0x66  Code  Gb  MyUart.o [1]
USART_Cmd               0x080038cd    0x1c  Code  Gb  stm32f10x_usart.o [1]
USART_DMACmd            0x0800393b    0x18  Code  Gb  stm32f10x_usart.o [1]
USART_DeInit            0x08003771    0x8e  Code  Gb  stm32f10x_usart.o [1]
USART_GetFlagStatus     0x0800395b    0x18  Code  Gb  stm32f10x_usart.o [1]
USART_GetITStatus       0x08003973    0x62  Code  Gb  stm32f10x_usart.o [1]
USART_ITConfig          0x080038e9    0x52  Code  Gb  stm32f10x_usart.o [1]
USART_Init              0x080037ff    0xba  Code  Gb  stm32f10x_usart.o [1]
USART_SendData          0x08003953     0x8  Code  Gb  stm32f10x_usart.o [1]
UsageFault_Handler      0x0800631b     0x2  Code  Gb  stm32f10x_it.o [1]
VirtAddVarTab           0x200000f0     0x8  Data  Gb  TimBox.o [1]
_Encoding_8859_1_Mbrlen
                        0x08003299     0x2  Code  Gb  xencoding_8859_1.o [3]
_Encoding_8859_1_Wctomb
                        0x08003287    0x12  Code  Gb  xencoding_8859_1.o [3]
_GenldFull              0x0800488f   0x250  Code  Lc  xprintffull.o [3]
_LdtobFull              0x08004465   0x3fe  Code  Lc  xprintffull.o [3]
_LitobFull              0x0800430d   0x112  Code  Lc  xprintffull.o [3]
_Locale_lconv           0x20000118    0x38  Data  Lc  xlocale_c.o [3]
_PrintfFull             0x08003c41   0x1b8  Code  Gb  xprintffull.o [3]
_Prout                  0x080069d9    0x16  Code  Gb  xprout.o [3]
_PutcharsFull           0x08004adf    0x2e  Code  Lc  xprintffull.o [3]
_PutfldFull             0x08003e89   0x2d0  Code  Lc  xprintffull.o [3]
_PutstrFull             0x0800424f    0xbe  Code  Lc  xprintffull.o [3]
_PuttxtFull             0x08004159    0xf6  Code  Lc  xprintffull.o [3]
_TIM_GetParamFromRxStruct
                        0x08006805     0x4  Code  Gb  TimboxCommFrame.o [1]
_TIM_Rxarray2struct     0x080067a1    0x1a  Code  Gb  TimboxCommFrame.o [1]
_TIM_Txarray2struct     0x080067bb     0x2  Code  Gb  TimboxCommFrame.o [1]
_TIM_getDataFromRxStruct
                        0x08006801     0x4  Code  Gb  TimboxCommFrame.o [1]
_TIM_isValidRxData      0x080067bd    0x3a  Code  Gb  TimboxCommFrame.o [1]
_TIM_isValidTxData      0x080067fd     0x4  Code  Gb  TimboxCommFrame.o [1]
__aeabi_cdcmple         0x08005145          Code  Gb  DblCmpLe.o [4]
__aeabi_cdrcmple        0x08005175          Code  Gb  DblCmpGe.o [4]
__aeabi_d2iz            0x080052e1          Code  Gb  DblToS32.o [4]
__aeabi_d2uiz           0x0800566d          Code  Gb  DblToU32.o [4]
__aeabi_ddiv            0x08005425          Code  Gb  DblDiv.o [4]
__aeabi_dmul            0x08004f31          Code  Gb  DblMul.o [4]
__aeabi_dsub            0x08005341          Code  Gb  DblSub.o [4]
__aeabi_i2d             0x0800531d          Code  Gb  S32ToDbl.o [4]
__aeabi_ldiv0           0x080056b5          Code  Gb  I64DivZer.o [5]
__aeabi_memcpy          0x08003101          Code  Gb  ABImemcpy.o [5]
__aeabi_memcpy4         0x08003121          Code  Gb  ABImemcpy.o [5]
__aeabi_memcpy8         0x08003121          Code  Gb  ABImemcpy.o [5]
__aeabi_memset          0x08003221          Code  Gb  ABImemset.o [5]
__aeabi_ui2d            0x08005695          Code  Gb  U32ToDbl.o [4]
__aeabi_uldivmod        0x08004d01          Code  Gb  I64DivMod.o [5]
__cmain                 0x08006979          Code  Gb  cmain.o [5]
__exit                  0x08005821    0x14  Code  Gb  exit.o [6]
__iar_Fail_s            0x08004c21    0x1e  Code  Gb  xfail_s.o [3]
__iar_Mbcurmax          0x08004cf5     0xa  Code  Gb  xmbcurmax.o [3]
__iar_Memchr            0x08004c9d          Code  Gb  memchr.o [5]
__iar_Memset            0x08003221          Code  Gb  ABImemset.o [5]
__iar_Memset_word       0x08003229          Code  Gb  ABImemset.o [5]
__iar_Stdout            0x20000198    0x48  Data  Gb  xfiles.o [3]
__iar_Strchr            0x08004c09          Code  Gb  strchr.o [5]
__iar_dadd              0x08005351          Code  Gb  DblSub.o [4]
__iar_data_init3        0x08006931    0x28  Code  Gb  data_init.o [5]
__iar_dsub              0x080056b9          Code  Gb  DblAdd.o [4]
__iar_dsubStart         0x080056cb          Code  Gb  DblAdd.o [4]
__iar_frexp             0x080050e1          Code  Gb  frexp.o [4]
__iar_frexp64           0x080050d5          Code  Gb  frexp.o [4]
__iar_frexpl            0x080050e1          Code  Gb  frexp.o [4]
__iar_globLocale        0x20000150    0x48  Data  Lc  xlocale_c.o [3]
__iar_global_Locale     0x08004b91     0x4  Code  Gb  xlocale_c.o [3]
__iar_ldexp64           0x080051a5          Code  Gb  ldexp.o [4]
__iar_lz77_init_single3
                        0x080031a7    0x7a  Code  Gb  lz77_init_single.o [5]
__iar_program_start     0x08006a61          Code  Gb  cstartup_M.o [5]
__iar_scalbln64         0x080051a5          Code  Gb  ldexp.o [4]
__iar_scalbn64          0x080051a5          Code  Gb  ldexp.o [4]
__iar_systems$$module {Abs}
                        0x00000001          Data  Gb  command line/config [2]
__iar_zero_init3        0x080068a1    0x40  Code  Gb  zero_init3.o [5]
__vector_table          0x08000000          Data  Gb  startup_stm32f103xe.o [1]
_call_main              0x08006985          Code  Gb  cmain.o [5]
_exit                   0x080069b1          Code  Gb  cexit.o [5]
_gLocale_mblen          0x08004bf1     0x4  Code  Gb  xlocale_c.o [3]
_gLocale_mblenInt       0x08004bb9    0x34  Code  Gb  xlocale_c.o [3]
_gLocale_wctomb         0x08004bf5     0x4  Code  Gb  xlocale_c.o [3]
_gLocale_wctombInt      0x08004bed     0x4  Code  Gb  xlocale_c.o [3]
_main                   0x08006993          Code  Gb  cmain.o [5]
abort                   0x080056af     0x6  Code  Gb  abort.o [3]
actionCount             0x200003b0     0x1  Data  Lc  TimBox.o [1]
checkInit               0x200003a8     0x1  Data  Gb  BoxController.o [1]
controlState            0x200003b3     0x1  Data  Lc  TimBox.o [1]
controllerState         0x200003a7     0x1  Data  Lc  Bluetooth.o [1]
curCmd                  0x200001ec     0x1  Data  Lc  TimHandset.o [1]
curState                0x200003ab     0x1  Data  Lc  TimBox.o [1]
currentHeight           0x200001e4     0x2  Data  Lc  TimBox.o [1]
dataFrame               0x20000358     0xc  Data  Lc  Bluetooth.o [1]
detectPinStatus         0x200003aa     0x1  Data  Lc  TimBox.o [1]
displayPrio             0x200001eb     0x1  Data  Lc  TimHandset.o [1]
downCmd                 0x08006a94     0x8  Data  Gb  TimBox.o [1]
exit                    0x080069ad     0x4  Code  Gb  exit.o [3]
fputc                   0x08002d07    0x20  Code  Gb  MyUart.o [1]
frexp                   0x080050d5          Code  Gb  frexp.o [4]
frexpl                  0x080050d5          Code  Gb  frexp.o [4]
getBoxStatus            0x0800019b     0x6  Code  Lc  TimBox.o [1]
getCurHeight            0x08000189     0x6  Code  Lc  TimBox.o [1]
getCurState             0x0800017d     0x6  Code  Lc  TimBox.o [1]
getPreState             0x08000183     0x6  Code  Lc  TimBox.o [1]
handsetDmaBufLength     0x200001e9     0x1  Data  Lc  TimHandset.o [1]
handsetLongRxBuf        0x20000330    0x1c  Data  Lc  TimHandset.o [1]
handsetRxBuf            0x2000038c     0x8  Data  Lc  TimHandset.o [1]
handsetRxBufLength      0x200001ea     0x1  Data  Lc  TimHandset.o [1]
heightCheck             0x200003a4     0x2  Data  Lc  TimBox.o [1]
hsTxBuf                 0x20000110     0x8  Data  Lc  TimHandset.o [1]
ldexp                   0x080051a5          Code  Gb  ldexp.o [4]
ldexpl                  0x080051a5          Code  Gb  ldexp.o [4]
ledCount                0x200003a9     0x1  Data  Lc  TimBox.o [1]
localeconv              0x08004bf9     0x4  Code  Gb  xlocale_c.o [3]
longTimRxBuf            0x20000310    0x20  Data  Gb  TimBox.o [1]
main                    0x08006999    0x14  Code  Gb  main.o [1]
maxHeight               0x200001e2     0x2  Data  Lc  TimBox.o [1]
memchr                  0x08004c9d          Code  Gb  memchr.o [5]
minHeight               0x200001e0     0x2  Data  Lc  TimBox.o [1]
obuf                    0x20000268    0x50  Data  Lc  xfiles.o [3]
pos1Cmd                 0x08006aa4     0x8  Data  Gb  TimBox.o [1]
pos2Cmd                 0x08006aac     0x8  Data  Gb  TimBox.o [1]
pos3Cmd                 0x08006ab4     0x8  Data  Gb  TimBox.o [1]
pos4Cmd                 0x08006abc     0x8  Data  Gb  TimBox.o [1]
posError                0x200003a2     0x2  Data  Gb  TimBox.o [1]
preState                0x200003ac     0x1  Data  Lc  TimBox.o [1]
printf                  0x08002d35    0x28  Code  Gb  printf.o [3]
putchar                 0x080069f1     0xc  Code  Gb  putchar.o [3]
resetCmd                0x08006acc     0x8  Data  Gb  TimBox.o [1]
rpiDmaBuf               0x20000394     0x4  Data  Lc  Bluetooth.o [1]
rpiFrame                0x20000364     0xc  Data  Lc  Bluetooth.o [1]
rpiRxBuf                0x200001f0    0x78  Data  Lc  Bluetooth.o [1]
rpiTxBuf                0x2000034c     0xc  Data  Lc  Bluetooth.o [1]
rxBuf                   0x200002f0    0x20  Data  Gb  Debug.o [1]
rxFrame                 0x2000037c     0x8  Data  Gb  TimBox.o [1]
saveCmd                 0x08006ac4     0x8  Data  Gb  TimBox.o [1]
saveCount               0x200003b1     0x1  Data  Lc  TimBox.o [1]
scalbln                 0x080051a5          Code  Gb  ldexp.o [4]
scalblnl                0x080051a5          Code  Gb  ldexp.o [4]
scalbn                  0x080051a5          Code  Gb  ldexp.o [4]
scalbnl                 0x080051a5          Code  Gb  ldexp.o [4]
scale                   0x0800441f    0x46  Code  Lc  xprintffull.o [3]
sec_hand                0x20000398     0x4  Data  Lc  xfail_s.o [3]
setBoxStatus            0x08000195     0x6  Code  Lc  TimBox.o [1]
setControllerState      0x08000131     0x6  Code  Lc  TimBox.o [1]
setCurHeight            0x0800018f     0x6  Code  Lc  TimBox.o [1]
setHeightStatus         0x200003ad     0x1  Data  Gb  TimBox.o [1]
setMode                 0x080001a1     0x6  Code  Lc  TimBox.o [1]
setState                0x08000137    0x46  Code  Lc  TimBox.o [1]
setpointHeight          0x200001e6     0x2  Data  Lc  TimBox.o [1]
sitPosAddr              0x080033c6     0x2  Data  Gb  TimBox.o [1]
sitPosVal               0x2000039e     0x2  Data  Gb  TimBox.o [1]
standPosAddr            0x08004b8e     0x2  Data  Gb  TimBox.o [1]
standPosVal             0x200003a0     0x2  Data  Gb  TimBox.o [1]
stopCmd                 0x08006a9c     0x8  Data  Gb  TimBox.o [1]
strchr                  0x08004c09          Code  Gb  strchr.o [5]
strlen                  0x08004c65          Code  Gb  strlen.o [5]
strncmp                 0x080062c1    0x28  Code  Gb  strncmp.o [3]
subState                0x200003af     0x1  Data  Lc  TimBox.o [1]
timHansdsetBufIndex     0x200003b4     0x1  Data  Lc  TimHandset.o [1]
timboxStatus            0x200003b2     0x1  Data  Lc  TimBox.o [1]
timotionDmaBuf          0x20000370     0xc  Data  Lc  TimBox.o [1]
timotionMode            0x200001e8     0x1  Data  Gb  TimBox.o [1]
txFrame                 0x20000384     0x8  Data  Gb  TimBox.o [1]
upCmd                   0x08006a8c     0x8  Data  Gb  TimBox.o [1]


[1] = D:\git\smartdesk_kid\firmware\old_code\MainApp\projectIAR\Debug\Obj
[2] = command line
[3] = dl7M_tlf.a
[4] = m7M_tl.a
[5] = rt7M_tl.a
[6] = shb_l.a

  26 866 bytes of readonly  code memory
     776 bytes of readonly  data memory
   5 043 bytes of readwrite data memory

Errors: none
Warnings: none
